Archive member included to satisfy reference by file (symbol)

c:/st/stm32cubeide_1.4.0/stm32cubeide/plugins/com.st.stm32cube.ide.mcu.externaltools.gnu-tools-for-stm32.7-2018-q2-update.win32_1.4.0.202007081208/tools/bin/../lib/gcc/arm-none-eabi/7.3.1/../../../../arm-none-eabi/lib/thumb/v7e-m/fpv4-sp/hard\libc_nano.a(lib_a-errno.o)
                              Core/Src/syscalls.o (__errno)
c:/st/stm32cubeide_1.4.0/stm32cubeide/plugins/com.st.stm32cube.ide.mcu.externaltools.gnu-tools-for-stm32.7-2018-q2-update.win32_1.4.0.202007081208/tools/bin/../lib/gcc/arm-none-eabi/7.3.1/../../../../arm-none-eabi/lib/thumb/v7e-m/fpv4-sp/hard\libc_nano.a(lib_a-exit.o)
                              c:/st/stm32cubeide_1.4.0/stm32cubeide/plugins/com.st.stm32cube.ide.mcu.externaltools.gnu-tools-for-stm32.7-2018-q2-update.win32_1.4.0.202007081208/tools/bin/../lib/gcc/arm-none-eabi/7.3.1/../../../../arm-none-eabi/lib/thumb/v7e-m/fpv4-sp/hard/crt0.o (exit)
c:/st/stm32cubeide_1.4.0/stm32cubeide/plugins/com.st.stm32cube.ide.mcu.externaltools.gnu-tools-for-stm32.7-2018-q2-update.win32_1.4.0.202007081208/tools/bin/../lib/gcc/arm-none-eabi/7.3.1/../../../../arm-none-eabi/lib/thumb/v7e-m/fpv4-sp/hard\libc_nano.a(lib_a-impure.o)
                              c:/st/stm32cubeide_1.4.0/stm32cubeide/plugins/com.st.stm32cube.ide.mcu.externaltools.gnu-tools-for-stm32.7-2018-q2-update.win32_1.4.0.202007081208/tools/bin/../lib/gcc/arm-none-eabi/7.3.1/../../../../arm-none-eabi/lib/thumb/v7e-m/fpv4-sp/hard\libc_nano.a(lib_a-exit.o) (_global_impure_ptr)
c:/st/stm32cubeide_1.4.0/stm32cubeide/plugins/com.st.stm32cube.ide.mcu.externaltools.gnu-tools-for-stm32.7-2018-q2-update.win32_1.4.0.202007081208/tools/bin/../lib/gcc/arm-none-eabi/7.3.1/../../../../arm-none-eabi/lib/thumb/v7e-m/fpv4-sp/hard\libc_nano.a(lib_a-init.o)
                              c:/st/stm32cubeide_1.4.0/stm32cubeide/plugins/com.st.stm32cube.ide.mcu.externaltools.gnu-tools-for-stm32.7-2018-q2-update.win32_1.4.0.202007081208/tools/bin/../lib/gcc/arm-none-eabi/7.3.1/../../../../arm-none-eabi/lib/thumb/v7e-m/fpv4-sp/hard/crt0.o (__libc_init_array)
c:/st/stm32cubeide_1.4.0/stm32cubeide/plugins/com.st.stm32cube.ide.mcu.externaltools.gnu-tools-for-stm32.7-2018-q2-update.win32_1.4.0.202007081208/tools/bin/../lib/gcc/arm-none-eabi/7.3.1/../../../../arm-none-eabi/lib/thumb/v7e-m/fpv4-sp/hard\libc_nano.a(lib_a-memset.o)
                              c:/st/stm32cubeide_1.4.0/stm32cubeide/plugins/com.st.stm32cube.ide.mcu.externaltools.gnu-tools-for-stm32.7-2018-q2-update.win32_1.4.0.202007081208/tools/bin/../lib/gcc/arm-none-eabi/7.3.1/../../../../arm-none-eabi/lib/thumb/v7e-m/fpv4-sp/hard/crt0.o (memset)

Discarded input sections

 .text          0x0000000000000000        0x0 c:/st/stm32cubeide_1.4.0/stm32cubeide/plugins/com.st.stm32cube.ide.mcu.externaltools.gnu-tools-for-stm32.7-2018-q2-update.win32_1.4.0.202007081208/tools/bin/../lib/gcc/arm-none-eabi/7.3.1/thumb/v7e-m/fpv4-sp/hard/crti.o
 .data          0x0000000000000000        0x0 c:/st/stm32cubeide_1.4.0/stm32cubeide/plugins/com.st.stm32cube.ide.mcu.externaltools.gnu-tools-for-stm32.7-2018-q2-update.win32_1.4.0.202007081208/tools/bin/../lib/gcc/arm-none-eabi/7.3.1/thumb/v7e-m/fpv4-sp/hard/crti.o
 .bss           0x0000000000000000        0x0 c:/st/stm32cubeide_1.4.0/stm32cubeide/plugins/com.st.stm32cube.ide.mcu.externaltools.gnu-tools-for-stm32.7-2018-q2-update.win32_1.4.0.202007081208/tools/bin/../lib/gcc/arm-none-eabi/7.3.1/thumb/v7e-m/fpv4-sp/hard/crti.o
 .data          0x0000000000000000        0x4 c:/st/stm32cubeide_1.4.0/stm32cubeide/plugins/com.st.stm32cube.ide.mcu.externaltools.gnu-tools-for-stm32.7-2018-q2-update.win32_1.4.0.202007081208/tools/bin/../lib/gcc/arm-none-eabi/7.3.1/thumb/v7e-m/fpv4-sp/hard/crtbegin.o
 .text          0x0000000000000000       0x74 c:/st/stm32cubeide_1.4.0/stm32cubeide/plugins/com.st.stm32cube.ide.mcu.externaltools.gnu-tools-for-stm32.7-2018-q2-update.win32_1.4.0.202007081208/tools/bin/../lib/gcc/arm-none-eabi/7.3.1/../../../../arm-none-eabi/lib/thumb/v7e-m/fpv4-sp/hard/crt0.o
 .data          0x0000000000000000        0x0 c:/st/stm32cubeide_1.4.0/stm32cubeide/plugins/com.st.stm32cube.ide.mcu.externaltools.gnu-tools-for-stm32.7-2018-q2-update.win32_1.4.0.202007081208/tools/bin/../lib/gcc/arm-none-eabi/7.3.1/../../../../arm-none-eabi/lib/thumb/v7e-m/fpv4-sp/hard/crt0.o
 .bss           0x0000000000000000        0x0 c:/st/stm32cubeide_1.4.0/stm32cubeide/plugins/com.st.stm32cube.ide.mcu.externaltools.gnu-tools-for-stm32.7-2018-q2-update.win32_1.4.0.202007081208/tools/bin/../lib/gcc/arm-none-eabi/7.3.1/../../../../arm-none-eabi/lib/thumb/v7e-m/fpv4-sp/hard/crt0.o
 .ARM.extab     0x0000000000000000        0x0 c:/st/stm32cubeide_1.4.0/stm32cubeide/plugins/com.st.stm32cube.ide.mcu.externaltools.gnu-tools-for-stm32.7-2018-q2-update.win32_1.4.0.202007081208/tools/bin/../lib/gcc/arm-none-eabi/7.3.1/../../../../arm-none-eabi/lib/thumb/v7e-m/fpv4-sp/hard/crt0.o
[...]
Memory Configuration

Name             Origin             Length             Attributes
RAM              0x0000000020000000 0x0000000000018000 xrw
RAM2             0x0000000010000000 0x0000000000008000 xrw
FLASH            0x0000000008000000 0x0000000000100000 xr
*default*        0x0000000000000000 0xffffffffffffffff

Linker script and memory map

LOAD c:/st/stm32cubeide_1.4.0/stm32cubeide/plugins/com.st.stm32cube.ide.mcu.externaltools.gnu-tools-for-stm32.7-2018-q2-update.win32_1.4.0.202007081208/tools/bin/../lib/gcc/arm-none-eabi/7.3.1/thumb/v7e-m/fpv4-sp/hard/crti.o
LOAD c:/st/stm32cubeide_1.4.0/stm32cubeide/plugins/com.st.stm32cube.ide.mcu.externaltools.gnu-tools-for-stm32.7-2018-q2-update.win32_1.4.0.202007081208/tools/bin/../lib/gcc/arm-none-eabi/7.3.1/thumb/v7e-m/fpv4-sp/hard/crtbegin.o
LOAD c:/st/stm32cubeide_1.4.0/stm32cubeide/plugins/com.st.stm32cube.ide.mcu.externaltools.gnu-tools-for-stm32.7-2018-q2-update.win32_1.4.0.202007081208/tools/bin/../lib/gcc/arm-none-eabi/7.3.1/../../../../arm-none-eabi/lib/thumb/v7e-m/fpv4-sp/hard/crt0.o
LOAD Core/Src/gpio.o
LOAD Core/Src/main.o
LOAD Core/Src/stm32l4xx_it.o
LOAD Core/Src/syscalls.o
LOAD Core/Src/sysmem.o
LOAD Core/Src/system_stm32l4xx.o
LOAD Core/Startup/startup_stm32l476rgtx.o
LOAD Drivers/STM32L4xx_HAL_Driver/Src/stm32l4xx_ll_exti.o
LOAD Drivers/STM32L4xx_HAL_Driver/Src/stm32l4xx_ll_gpio.o
LOAD Drivers/STM32L4xx_HAL_Driver/Src/stm32l4xx_ll_pwr.o
LOAD Drivers/STM32L4xx_HAL_Driver/Src/stm32l4xx_ll_rtc.o
LOAD Drivers/STM32L4xx_HAL_Driver/Src/stm32l4xx_ll_utils.o
START GROUP
LOAD c:/st/stm32cubeide_1.4.0/stm32cubeide/plugins/com.st.stm32cube.ide.mcu.externaltools.gnu-tools-for-stm32.7-2018-q2-update.win32_1.4.0.202007081208/tools/bin/../lib/gcc/arm-none-eabi/7.3.1/../../../../arm-none-eabi/lib/thumb/v7e-m/fpv4-sp/hard\libc_nano.a
LOAD c:/st/stm32cubeide_1.4.0/stm32cubeide/plugins/com.st.stm32cube.ide.mcu.externaltools.gnu-tools-for-stm32.7-2018-q2-update.win32_1.4.0.202007081208/tools/bin/../lib/gcc/arm-none-eabi/7.3.1/../../../../arm-none-eabi/lib/thumb/v7e-m/fpv4-sp/hard\libm.a
END GROUP
START GROUP
LOAD c:/st/stm32cubeide_1.4.0/stm32cubeide/plugins/com.st.stm32cube.ide.mcu.externaltools.gnu-tools-for-stm32.7-2018-q2-update.win32_1.4.0.202007081208/tools/bin/../lib/gcc/arm-none-eabi/7.3.1/thumb/v7e-m/fpv4-sp/hard\libgcc.a
LOAD c:/st/stm32cubeide_1.4.0/stm32cubeide/plugins/com.st.stm32cube.ide.mcu.externaltools.gnu-tools-for-stm32.7-2018-q2-update.win32_1.4.0.202007081208/tools/bin/../lib/gcc/arm-none-eabi/7.3.1/../../../../arm-none-eabi/lib/thumb/v7e-m/fpv4-sp/hard\libc_nano.a
END GROUP
START GROUP
LOAD c:/st/stm32cubeide_1.4.0/stm32cubeide/plugins/com.st.stm32cube.ide.mcu.externaltools.gnu-tools-for-stm32.7-2018-q2-update.win32_1.4.0.202007081208/tools/bin/../lib/gcc/arm-none-eabi/7.3.1/thumb/v7e-m/fpv4-sp/hard\libgcc.a
LOAD c:/st/stm32cubeide_1.4.0/stm32cubeide/plugins/com.st.stm32cube.ide.mcu.externaltools.gnu-tools-for-stm32.7-2018-q2-update.win32_1.4.0.202007081208/tools/bin/../lib/gcc/arm-none-eabi/7.3.1/../../../../arm-none-eabi/lib/thumb/v7e-m/fpv4-sp/hard\libc_nano.a
LOAD c:/st/stm32cubeide_1.4.0/stm32cubeide/plugins/com.st.stm32cube.ide.mcu.externaltools.gnu-tools-for-stm32.7-2018-q2-update.win32_1.4.0.202007081208/tools/bin/../lib/gcc/arm-none-eabi/7.3.1/../../../../arm-none-eabi/lib/thumb/v7e-m/fpv4-sp/hard\libnosys.a
END GROUP
START GROUP
LOAD c:/st/stm32cubeide_1.4.0/stm32cubeide/plugins/com.st.stm32cube.ide.mcu.externaltools.gnu-tools-for-stm32.7-2018-q2-update.win32_1.4.0.202007081208/tools/bin/../lib/gcc/arm-none-eabi/7.3.1/thumb/v7e-m/fpv4-sp/hard\libgcc.a
LOAD c:/st/stm32cubeide_1.4.0/stm32cubeide/plugins/com.st.stm32cube.ide.mcu.externaltools.gnu-tools-for-stm32.7-2018-q2-update.win32_1.4.0.202007081208/tools/bin/../lib/gcc/arm-none-eabi/7.3.1/../../../../arm-none-eabi/lib/thumb/v7e-m/fpv4-sp/hard\libc_nano.a
LOAD c:/st/stm32cubeide_1.4.0/stm32cubeide/plugins/com.st.stm32cube.ide.mcu.externaltools.gnu-tools-for-stm32.7-2018-q2-update.win32_1.4.0.202007081208/tools/bin/../lib/gcc/arm-none-eabi/7.3.1/../../../../arm-none-eabi/lib/thumb/v7e-m/fpv4-sp/hard\libnosys.a
END GROUP
LOAD c:/st/stm32cubeide_1.4.0/stm32cubeide/plugins/com.st.stm32cube.ide.mcu.externaltools.gnu-tools-for-stm32.7-2018-q2-update.win32_1.4.0.202007081208/tools/bin/../lib/gcc/arm-none-eabi/7.3.1/thumb/v7e-m/fpv4-sp/hard/crtend.o
LOAD c:/st/stm32cubeide_1.4.0/stm32cubeide/plugins/com.st.stm32cube.ide.mcu.externaltools.gnu-tools-for-stm32.7-2018-q2-update.win32_1.4.0.202007081208/tools/bin/../lib/gcc/arm-none-eabi/7.3.1/thumb/v7e-m/fpv4-sp/hard/crtn.o
                0x0000000020018000                _estack = (ORIGIN (RAM) + LENGTH (RAM))
                0x0000000000000200                _Min_Heap_Size = 0x200
                0x0000000000000400                _Min_Stack_Size = 0x400

.isr_vector     0x0000000008000000      0x188
                0x0000000008000000                . = ALIGN (0x4)
 *(.isr_vector)
 .isr_vector    0x0000000008000000      0x188 Core/Startup/startup_stm32l476rgtx.o
                0x0000000008000000                g_pfnVectors
                0x0000000008000188                . = ALIGN (0x4)

.text           0x0000000008000188      0x8b4
                0x0000000008000188                . = ALIGN (0x4)
 *(.text)
 .text          0x0000000008000188       0x40 c:/st/stm32cubeide_1.4.0/stm32cubeide/plugins/com.st.stm32cube.ide.mcu.externaltools.gnu-tools-for-stm32.7-2018-q2-update.win32_1.4.0.202007081208/tools/bin/../lib/gcc/arm-none-eabi/7.3.1/thumb/v7e-m/fpv4-sp/hard/crtbegin.o
 *(.text*)
 .text.__NVIC_SetPriorityGrouping
                0x00000000080001c8       0x48 Core/Src/main.o
 .text.LL_RCC_LSI_Enable
                0x0000000008000210       0x24 Core/Src/main.o
 .text.LL_RCC_LSI_IsReady
                0x0000000008000234       0x28 Core/Src/main.o
 .text.LL_RCC_MSI_Enable
                0x000000000800025c       0x20 Core/Src/main.o
 .text.LL_RCC_MSI_IsReady
                0x000000000800027c       0x24 Core/Src/main.o
 .text.LL_RCC_MSI_EnableRangeSelection
                0x00000000080002a0       0x20 Core/Src/main.o
 .text.LL_RCC_MSI_SetRange
                0x00000000080002c0       0x28 Core/Src/main.o
 .text.LL_RCC_MSI_SetCalibTrimming
                0x00000000080002e8       0x2c Core/Src/main.o
 .text.LL_RCC_SetSysClkSource
                0x0000000008000314       0x28 Core/Src/main.o
 .text.LL_RCC_GetSysClkSource
                0x000000000800033c       0x1c Core/Src/main.o
 .text.LL_RCC_SetAHBPrescaler
                0x0000000008000358       0x28 Core/Src/main.o
 .text.LL_RCC_SetAPB1Prescaler
                0x0000000008000380       0x28 Core/Src/main.o
 .text.LL_RCC_SetAPB2Prescaler
                0x00000000080003a8       0x28 Core/Src/main.o
 .text.LL_RCC_SetRTCClockSource
                0x00000000080003d0       0x2c Core/Src/main.o
 .text.LL_RCC_EnableRTC
                0x00000000080003fc       0x24 Core/Src/main.o
 .text.LL_RCC_ForceBackupDomainReset
                0x0000000008000420       0x24 Core/Src/main.o
 .text.LL_RCC_ReleaseBackupDomainReset
                0x0000000008000444       0x24 Core/Src/main.o
 .text.LL_APB1_GRP1_EnableClock
                0x0000000008000468       0x30 Core/Src/main.o
 .text.LL_APB2_GRP1_EnableClock
                0x0000000008000498       0x30 Core/Src/main.o
 .text.LL_FLASH_SetLatency
                0x00000000080004c8       0x28 Core/Src/main.o
 .text.LL_FLASH_GetLatency
                0x00000000080004f0       0x1c Core/Src/main.o
 .text.LL_PWR_SetRegulVoltageScaling
                0x000000000800050c       0x28 Core/Src/main.o
 .text.LL_PWR_EnableBkUpAccess
                0x0000000008000534       0x20 Core/Src/main.o
 .text.main     0x0000000008000554       0x22 Core/Src/main.o
                0x0000000008000554                main
 *fill*         0x0000000008000576        0x2 
 .text.SystemClock_Config
                0x0000000008000578       0xa0 Core/Src/main.o
                0x0000000008000578                SystemClock_Config
 .text.MX_RTC_Init
                0x0000000008000618       0x38 Core/Src/main.o
 .text.NMI_Handler
                0x0000000008000650        0xe Core/Src/stm32l4xx_it.o
                0x0000000008000650                NMI_Handler
 .text.HardFault_Handler
                0x000000000800065e        0x6 Core/Src/stm32l4xx_it.o
                0x000000000800065e                HardFault_Handler
 .text.MemManage_Handler
                0x0000000008000664        0x6 Core/Src/stm32l4xx_it.o
                0x0000000008000664                MemManage_Handler
 .text.BusFault_Handler
                0x000000000800066a        0x6 Core/Src/stm32l4xx_it.o
                0x000000000800066a                BusFault_Handler
 .text.UsageFault_Handler
                0x0000000008000670        0x6 Core/Src/stm32l4xx_it.o
                0x0000000008000670                UsageFault_Handler
 .text.SVC_Handler
                0x0000000008000676        0xe Core/Src/stm32l4xx_it.o
                0x0000000008000676                SVC_Handler
 .text.DebugMon_Handler
                0x0000000008000684        0xe Core/Src/stm32l4xx_it.o
                0x0000000008000684                DebugMon_Handler
 .text.PendSV_Handler
                0x0000000008000692        0xe Core/Src/stm32l4xx_it.o
                0x0000000008000692                PendSV_Handler
 .text.SysTick_Handler
                0x00000000080006a0        0xe Core/Src/stm32l4xx_it.o
                0x00000000080006a0                SysTick_Handler
 *fill*         0x00000000080006ae        0x2 
 .text.SystemInit
                0x00000000080006b0       0x6c Core/Src/system_stm32l4xx.o
                0x00000000080006b0                SystemInit
 .text.Reset_Handler
                0x000000000800071c       0x50 Core/Startup/startup_stm32l476rgtx.o
                0x000000000800071c                Reset_Handler
 .text.Default_Handler
                0x000000000800076c        0x2 Core/Startup/startup_stm32l476rgtx.o
                0x000000000800076c                RTC_Alarm_IRQHandler
                0x000000000800076c                EXTI2_IRQHandler
                0x000000000800076c                TIM8_TRG_COM_IRQHandler
                0x000000000800076c                TIM8_CC_IRQHandler
                0x000000000800076c                TIM1_CC_IRQHandler
                0x000000000800076c                TSC_IRQHandler
                0x000000000800076c                TAMP_STAMP_IRQHandler
                0x000000000800076c                EXTI3_IRQHandler
                0x000000000800076c                LPTIM2_IRQHandler
                0x000000000800076c                DFSDM1_FLT1_IRQHandler
                0x000000000800076c                I2C3_ER_IRQHandler
                0x000000000800076c                DFSDM1_FLT2_IRQHandler
                0x000000000800076c                EXTI0_IRQHandler
                0x000000000800076c                I2C2_EV_IRQHandler
                0x000000000800076c                CAN1_RX0_IRQHandler
                0x000000000800076c                FPU_IRQHandler
                0x000000000800076c                TIM1_UP_TIM16_IRQHandler
                0x000000000800076c                ADC1_2_IRQHandler
                0x000000000800076c                SPI1_IRQHandler
                0x000000000800076c                TIM6_DAC_IRQHandler
                0x000000000800076c                TIM8_UP_IRQHandler
                0x000000000800076c                DMA2_Channel2_IRQHandler
                0x000000000800076c                DMA1_Channel4_IRQHandler
                0x000000000800076c                SAI2_IRQHandler
                0x000000000800076c                DFSDM1_FLT3_IRQHandler
                0x000000000800076c                USART3_IRQHandler
                0x000000000800076c                DMA1_Channel7_IRQHandler
                0x000000000800076c                CAN1_RX1_IRQHandler
                0x000000000800076c                LCD_IRQHandler
                0x000000000800076c                UART5_IRQHandler
                0x000000000800076c                ADC3_IRQHandler
                0x000000000800076c                TIM4_IRQHandler
                0x000000000800076c                DMA2_Channel1_IRQHandler
                0x000000000800076c                QUADSPI_IRQHandler
                0x000000000800076c                I2C1_EV_IRQHandler
                0x000000000800076c                DMA1_Channel6_IRQHandler
                0x000000000800076c                UART4_IRQHandler
                0x000000000800076c                DMA2_Channel4_IRQHandler
                0x000000000800076c                TIM3_IRQHandler
                0x000000000800076c                RCC_IRQHandler
                0x000000000800076c                DMA1_Channel1_IRQHandler
                0x000000000800076c                Default_Handler
                0x000000000800076c                DMA2_Channel7_IRQHandler
                0x000000000800076c                EXTI15_10_IRQHandler
                0x000000000800076c                TIM7_IRQHandler
                0x000000000800076c                SDMMC1_IRQHandler
                0x000000000800076c                TIM5_IRQHandler
                0x000000000800076c                I2C3_EV_IRQHandler
                0x000000000800076c                EXTI9_5_IRQHandler
                0x000000000800076c                RTC_WKUP_IRQHandler
                0x000000000800076c                PVD_PVM_IRQHandler
                0x000000000800076c                SPI2_IRQHandler
                0x000000000800076c                CAN1_TX_IRQHandler
                0x000000000800076c                DMA2_Channel5_IRQHandler
                0x000000000800076c                DMA1_Channel5_IRQHandler
                0x000000000800076c                EXTI4_IRQHandler
                0x000000000800076c                RNG_IRQHandler
                0x000000000800076c                TIM1_TRG_COM_TIM17_IRQHandler
                0x000000000800076c                DMA1_Channel3_IRQHandler
                0x000000000800076c                COMP_IRQHandler
                0x000000000800076c                WWDG_IRQHandler
                0x000000000800076c                LPUART1_IRQHandler
                0x000000000800076c                DMA2_Channel6_IRQHandler
                0x000000000800076c                TIM2_IRQHandler
                0x000000000800076c                EXTI1_IRQHandler
                0x000000000800076c                USART2_IRQHandler
                0x000000000800076c                DFSDM1_FLT0_IRQHandler
                0x000000000800076c                I2C2_ER_IRQHandler
                0x000000000800076c                DMA1_Channel2_IRQHandler
                0x000000000800076c                TIM8_BRK_IRQHandler
                0x000000000800076c                CAN1_SCE_IRQHandler
                0x000000000800076c                FLASH_IRQHandler
                0x000000000800076c                USART1_IRQHandler
                0x000000000800076c                OTG_FS_IRQHandler
                0x000000000800076c                SPI3_IRQHandler
                0x000000000800076c                I2C1_ER_IRQHandler
                0x000000000800076c                FMC_IRQHandler
                0x000000000800076c                SWPMI1_IRQHandler
                0x000000000800076c                LPTIM1_IRQHandler
                0x000000000800076c                SAI1_IRQHandler
                0x000000000800076c                DMA2_Channel3_IRQHandler
                0x000000000800076c                TIM1_BRK_TIM15_IRQHandler
 .text.LL_RTC_SetHourFormat
                0x000000000800076e       0x26 Drivers/STM32L4xx_HAL_Driver/Src/stm32l4xx_ll_rtc.o
 .text.LL_RTC_EnableInitMode
                0x0000000008000794       0x1c Drivers/STM32L4xx_HAL_Driver/Src/stm32l4xx_ll_rtc.o
 .text.LL_RTC_DisableInitMode
                0x00000000080007b0       0x1c Drivers/STM32L4xx_HAL_Driver/Src/stm32l4xx_ll_rtc.o
 .text.LL_RTC_SetAsynchPrescaler
                0x00000000080007cc       0x28 Drivers/STM32L4xx_HAL_Driver/Src/stm32l4xx_ll_rtc.o
 .text.LL_RTC_SetSynchPrescaler
                0x00000000080007f4       0x2a Drivers/STM32L4xx_HAL_Driver/Src/stm32l4xx_ll_rtc.o
 .text.LL_RTC_EnableWriteProtection
                0x000000000800081e       0x1a Drivers/STM32L4xx_HAL_Driver/Src/stm32l4xx_ll_rtc.o
 .text.LL_RTC_DisableWriteProtection
                0x0000000008000838       0x20 Drivers/STM32L4xx_HAL_Driver/Src/stm32l4xx_ll_rtc.o
 .text.LL_RTC_IsActiveFlag_INIT
                0x0000000008000858       0x26 Drivers/STM32L4xx_HAL_Driver/Src/stm32l4xx_ll_rtc.o
 *fill*         0x000000000800087e        0x2 
 .text.LL_SYSTICK_IsActiveCounterFlag
                0x0000000008000880       0x28 Drivers/STM32L4xx_HAL_Driver/Src/stm32l4xx_ll_rtc.o
 .text.LL_RTC_Init
                0x00000000080008a8       0x5e Drivers/STM32L4xx_HAL_Driver/Src/stm32l4xx_ll_rtc.o
                0x00000000080008a8                LL_RTC_Init
 .text.LL_RTC_EnterInitMode
                0x0000000008000906       0x66 Drivers/STM32L4xx_HAL_Driver/Src/stm32l4xx_ll_rtc.o
                0x0000000008000906                LL_RTC_EnterInitMode
 .text.LL_InitTick
                0x000000000800096c       0x34 Drivers/STM32L4xx_HAL_Driver/Src/stm32l4xx_ll_utils.o
 .text.LL_Init1msTick
                0x00000000080009a0       0x1a Drivers/STM32L4xx_HAL_Driver/Src/stm32l4xx_ll_utils.o
                0x00000000080009a0                LL_Init1msTick
 *fill*         0x00000000080009ba        0x2 
 .text.LL_SetSystemCoreClock
                0x00000000080009bc       0x20 Drivers/STM32L4xx_HAL_Driver/Src/stm32l4xx_ll_utils.o
                0x00000000080009bc                LL_SetSystemCoreClock
 .text.__libc_init_array
                0x00000000080009dc       0x48 c:/st/stm32cubeide_1.4.0/stm32cubeide/plugins/com.st.stm32cube.ide.mcu.externaltools.gnu-tools-for-stm32.7-2018-q2-update.win32_1.4.0.202007081208/tools/bin/../lib/gcc/arm-none-eabi/7.3.1/../../../../arm-none-eabi/lib/thumb/v7e-m/fpv4-sp/hard\libc_nano.a(lib_a-init.o)
                0x00000000080009dc                __libc_init_array
 *(.glue_7)
 .glue_7        0x0000000008000a24        0x0 linker stubs
 *(.glue_7t)
 .glue_7t       0x0000000008000a24        0x0 linker stubs
 *(.eh_frame)
 .eh_frame      0x0000000008000a24        0x0 c:/st/stm32cubeide_1.4.0/stm32cubeide/plugins/com.st.stm32cube.ide.mcu.externaltools.gnu-tools-for-stm32.7-2018-q2-update.win32_1.4.0.202007081208/tools/bin/../lib/gcc/arm-none-eabi/7.3.1/thumb/v7e-m/fpv4-sp/hard/crtbegin.o
 *(.init)
 .init          0x0000000008000a24        0x4 c:/st/stm32cubeide_1.4.0/stm32cubeide/plugins/com.st.stm32cube.ide.mcu.externaltools.gnu-tools-for-stm32.7-2018-q2-update.win32_1.4.0.202007081208/tools/bin/../lib/gcc/arm-none-eabi/7.3.1/thumb/v7e-m/fpv4-sp/hard/crti.o
                0x0000000008000a24                _init
 .init          0x0000000008000a28        0x8 c:/st/stm32cubeide_1.4.0/stm32cubeide/plugins/com.st.stm32cube.ide.mcu.externaltools.gnu-tools-for-stm32.7-2018-q2-update.win32_1.4.0.202007081208/tools/bin/../lib/gcc/arm-none-eabi/7.3.1/thumb/v7e-m/fpv4-sp/hard/crtn.o
 *(.fini)
 .fini          0x0000000008000a30        0x4 c:/st/stm32cubeide_1.4.0/stm32cubeide/plugins/com.st.stm32cube.ide.mcu.externaltools.gnu-tools-for-stm32.7-2018-q2-update.win32_1.4.0.202007081208/tools/bin/../lib/gcc/arm-none-eabi/7.3.1/thumb/v7e-m/fpv4-sp/hard/crti.o
                0x0000000008000a30                _fini
 .fini          0x0000000008000a34        0x8 c:/st/stm32cubeide_1.4.0/stm32cubeide/plugins/com.st.stm32cube.ide.mcu.externaltools.gnu-tools-for-stm32.7-2018-q2-update.win32_1.4.0.202007081208/tools/bin/../lib/gcc/arm-none-eabi/7.3.1/thumb/v7e-m/fpv4-sp/hard/crtn.o
                0x0000000008000a3c                . = ALIGN (0x4)
                0x0000000008000a3c                _etext = .

.vfp11_veneer   0x0000000008000a3c        0x0
 .vfp11_veneer  0x0000000008000a3c        0x0 linker stubs

.v4_bx          0x0000000008000a3c        0x0
 .v4_bx         0x0000000008000a3c        0x0 linker stubs

.iplt           0x0000000008000a3c        0x0
 .iplt          0x0000000008000a3c        0x0 c:/st/stm32cubeide_1.4.0/stm32cubeide/plugins/com.st.stm32cube.ide.mcu.externaltools.gnu-tools-for-stm32.7-2018-q2-update.win32_1.4.0.202007081208/tools/bin/../lib/gcc/arm-none-eabi/7.3.1/thumb/v7e-m/fpv4-sp/hard/crtbegin.o

.rel.dyn        0x0000000008000a3c        0x0
 .rel.iplt      0x0000000008000a3c        0x0 c:/st/stm32cubeide_1.4.0/stm32cubeide/plugins/com.st.stm32cube.ide.mcu.externaltools.gnu-tools-for-stm32.7-2018-q2-update.win32_1.4.0.202007081208/tools/bin/../lib/gcc/arm-none-eabi/7.3.1/thumb/v7e-m/fpv4-sp/hard/crtbegin.o

.rodata         0x0000000008000a3c        0x0
                0x0000000008000a3c                . = ALIGN (0x4)
 *(.rodata)
 *(.rodata*)
                0x0000000008000a3c                . = ALIGN (0x4)

.ARM.extab      0x0000000008000a3c        0x0
                0x0000000008000a3c                . = ALIGN (0x4)
 *(.ARM.extab* .gnu.linkonce.armextab.*)
                0x0000000008000a3c                . = ALIGN (0x4)

.ARM            0x0000000008000a3c        0x0
                0x0000000008000a3c                . = ALIGN (0x4)
                0x0000000008000a3c                __exidx_start = .
 *(.ARM.exidx*)
                0x0000000008000a3c                __exidx_end = .
                0x0000000008000a3c                . = ALIGN (0x4)

.preinit_array  0x0000000008000a3c        0x0
                0x0000000008000a3c                . = ALIGN (0x4)
                0x0000000008000a3c                PROVIDE (__preinit_array_start = .)
 *(.preinit_array*)
                0x0000000008000a3c                PROVIDE (__preinit_array_end = .)
                0x0000000008000a3c                . = ALIGN (0x4)

.init_array     0x0000000008000a3c        0x4
                0x0000000008000a3c                . = ALIGN (0x4)
                0x0000000008000a3c                PROVIDE (__init_array_start = .)
 *(SORT_BY_NAME(.init_array.*))
 *(.init_array*)
 .init_array    0x0000000008000a3c        0x4 c:/st/stm32cubeide_1.4.0/stm32cubeide/plugins/com.st.stm32cube.ide.mcu.externaltools.gnu-tools-for-stm32.7-2018-q2-update.win32_1.4.0.202007081208/tools/bin/../lib/gcc/arm-none-eabi/7.3.1/thumb/v7e-m/fpv4-sp/hard/crtbegin.o
                0x0000000008000a40                PROVIDE (__init_array_end = .)
                0x0000000008000a40                . = ALIGN (0x4)

.fini_array     0x0000000008000a40        0x4
                0x0000000008000a40                . = ALIGN (0x4)
                [!provide]                        PROVIDE (__fini_array_start = .)
 *(SORT_BY_NAME(.fini_array.*))
 *(.fini_array*)
 .fini_array    0x0000000008000a40        0x4 c:/st/stm32cubeide_1.4.0/stm32cubeide/plugins/com.st.stm32cube.ide.mcu.externaltools.gnu-tools-for-stm32.7-2018-q2-update.win32_1.4.0.202007081208/tools/bin/../lib/gcc/arm-none-eabi/7.3.1/thumb/v7e-m/fpv4-sp/hard/crtbegin.o
                [!provide]                        PROVIDE (__fini_array_end = .)
                0x0000000008000a44                . = ALIGN (0x4)
                0x0000000008000a44                _sidata = LOADADDR (.data)

.data           0x0000000020000000        0x4 load address 0x0000000008000a44
                0x0000000020000000                . = ALIGN (0x4)
                0x0000000020000000                _sdata = .
 *(.data)
 *(.data*)
 .data.SystemCoreClock
                0x0000000020000000        0x4 Core/Src/system_stm32l4xx.o
                0x0000000020000000                SystemCoreClock
                0x0000000020000004                . = ALIGN (0x4)
                0x0000000020000004                _edata = .

.igot.plt       0x0000000020000004        0x0 load address 0x0000000008000a48
 .igot.plt      0x0000000020000004        0x0 c:/st/stm32cubeide_1.4.0/stm32cubeide/plugins/com.st.stm32cube.ide.mcu.externaltools.gnu-tools-for-stm32.7-2018-q2-update.win32_1.4.0.202007081208/tools/bin/../lib/gcc/arm-none-eabi/7.3.1/thumb/v7e-m/fpv4-sp/hard/crtbegin.o
                0x0000000020000004                . = ALIGN (0x4)

.bss            0x0000000020000004       0x1c load address 0x0000000008000a48
                0x0000000020000004                _sbss = .
                0x0000000020000004                __bss_start__ = _sbss
 *(.bss)
 .bss           0x0000000020000004       0x1c c:/st/stm32cubeide_1.4.0/stm32cubeide/plugins/com.st.stm32cube.ide.mcu.externaltools.gnu-tools-for-stm32.7-2018-q2-update.win32_1.4.0.202007081208/tools/bin/../lib/gcc/arm-none-eabi/7.3.1/thumb/v7e-m/fpv4-sp/hard/crtbegin.o
 *(.bss*)
 *(COMMON)
                0x0000000020000020                . = ALIGN (0x4)
                0x0000000020000020                _ebss = .
                0x0000000020000020                __bss_end__ = _ebss

._user_heap_stack
                0x0000000020000020      0x600 load address 0x0000000008000a48
                0x0000000020000020                . = ALIGN (0x8)
                [!provide]                        PROVIDE (end = .)
                0x0000000020000020                PROVIDE (_end = .)
                0x0000000020000220                . = (. + _Min_Heap_Size)
 *fill*         0x0000000020000020      0x200 
                0x0000000020000620                . = (. + _Min_Stack_Size)
 *fill*         0x0000000020000220      0x400 
                0x0000000020000620                . = ALIGN (0x8)

/DISCARD/
 libc.a(*)
 libm.a(*)
 libgcc.a(*)

.ARM.attributes
                0x0000000000000000       0x30
 *(.ARM.attributes)
 .ARM.attributes
                0x0000000000000000       0x22 c:/st/stm32cubeide_1.4.0/stm32cubeide/plugins/com.st.stm32cube.ide.mcu.externaltools.gnu-tools-for-stm32.7-2018-q2-update.win32_1.4.0.202007081208/tools/bin/../lib/gcc/arm-none-eabi/7.3.1/thumb/v7e-m/fpv4-sp/hard/crti.o
 .ARM.attributes
                0x0000000000000022       0x34 c:/st/stm32cubeide_1.4.0/stm32cubeide/plugins/com.st.stm32cube.ide.mcu.externaltools.gnu-tools-for-stm32.7-2018-q2-update.win32_1.4.0.202007081208/tools/bin/../lib/gcc/arm-none-eabi/7.3.1/thumb/v7e-m/fpv4-sp/hard/crtbegin.o
 .ARM.attributes
                0x0000000000000056       0x39 Core/Src/main.o
 .ARM.attributes
                0x000000000000008f       0x39 Core/Src/stm32l4xx_it.o
 .ARM.attributes
                0x00000000000000c8       0x39 Core/Src/system_stm32l4xx.o
 .ARM.attributes
                0x0000000000000101       0x21 Core/Startup/startup_stm32l476rgtx.o
 .ARM.attributes
                0x0000000000000122       0x39 Drivers/STM32L4xx_HAL_Driver/Src/stm32l4xx_ll_rtc.o
 .ARM.attributes
                0x000000000000015b       0x39 Drivers/STM32L4xx_HAL_Driver/Src/stm32l4xx_ll_utils.o
 .ARM.attributes
                0x0000000000000194       0x34 c:/st/stm32cubeide_1.4.0/stm32cubeide/plugins/com.st.stm32cube.ide.mcu.externaltools.gnu-tools-for-stm32.7-2018-q2-update.win32_1.4.0.202007081208/tools/bin/../lib/gcc/arm-none-eabi/7.3.1/../../../../arm-none-eabi/lib/thumb/v7e-m/fpv4-sp/hard\libc_nano.a(lib_a-init.o)
 .ARM.attributes
                0x00000000000001c8       0x22 c:/st/stm32cubeide_1.4.0/stm32cubeide/plugins/com.st.stm32cube.ide.mcu.externaltools.gnu-tools-for-stm32.7-2018-q2-update.win32_1.4.0.202007081208/tools/bin/../lib/gcc/arm-none-eabi/7.3.1/thumb/v7e-m/fpv4-sp/hard/crtn.o
OUTPUT(Opti_uC.elf elf32-littlearm)

.debug_info     0x0000000000000000     0x2ff8
 .debug_info    0x0000000000000000      0xd85 Core/Src/main.o
 .debug_info    0x0000000000000d85      0x1f7 Core/Src/stm32l4xx_it.o
 .debug_info    0x0000000000000f7c      0x5b4 Core/Src/system_stm32l4xx.o
 .debug_info    0x0000000000001530       0x22 Core/Startup/startup_stm32l476rgtx.o
 .debug_info    0x0000000000001552      0xe85 Drivers/STM32L4xx_HAL_Driver/Src/stm32l4xx_ll_rtc.o
 .debug_info    0x00000000000023d7      0xc21 Drivers/STM32L4xx_HAL_Driver/Src/stm32l4xx_ll_utils.o

.debug_abbrev   0x0000000000000000      0x804
 .debug_abbrev  0x0000000000000000      0x1bb Core/Src/main.o
 .debug_abbrev  0x00000000000001bb       0xa3 Core/Src/stm32l4xx_it.o
 .debug_abbrev  0x000000000000025e      0x134 Core/Src/system_stm32l4xx.o
 .debug_abbrev  0x0000000000000392       0x12 Core/Startup/startup_stm32l476rgtx.o
 .debug_abbrev  0x00000000000003a4      0x228 Drivers/STM32L4xx_HAL_Driver/Src/stm32l4xx_ll_rtc.o
 .debug_abbrev  0x00000000000005cc      0x238 Drivers/STM32L4xx_HAL_Driver/Src/stm32l4xx_ll_utils.o

.debug_aranges  0x0000000000000000      0x438
 .debug_aranges
                0x0000000000000000       0xf0 Core/Src/main.o
 .debug_aranges
                0x00000000000000f0       0x60 Core/Src/stm32l4xx_it.o
 .debug_aranges
                0x0000000000000150       0x28 Core/Src/system_stm32l4xx.o
 .debug_aranges
                0x0000000000000178       0x28 Core/Startup/startup_stm32l476rgtx.o
 .debug_aranges
                0x00000000000001a0      0x160 Drivers/STM32L4xx_HAL_Driver/Src/stm32l4xx_ll_rtc.o
 .debug_aranges
                0x0000000000000300      0x138 Drivers/STM32L4xx_HAL_Driver/Src/stm32l4xx_ll_utils.o

.debug_ranges   0x0000000000000000      0x3e0
 .debug_ranges  0x0000000000000000       0xe0 Core/Src/main.o
 .debug_ranges  0x00000000000000e0       0x50 Core/Src/stm32l4xx_it.o
 .debug_ranges  0x0000000000000130       0x18 Core/Src/system_stm32l4xx.o
 .debug_ranges  0x0000000000000148       0x20 Core/Startup/startup_stm32l476rgtx.o
 .debug_ranges  0x0000000000000168      0x150 Drivers/STM32L4xx_HAL_Driver/Src/stm32l4xx_ll_rtc.o
 .debug_ranges  0x00000000000002b8      0x128 Drivers/STM32L4xx_HAL_Driver/Src/stm32l4xx_ll_utils.o

.debug_macro    0x0000000000000000     0x253f
 .debug_macro   0x0000000000000000      0x141 Core/Src/main.o
 .debug_macro   0x0000000000000141      0x716 Core/Src/main.o
 .debug_macro   0x0000000000000857      0x1bf Core/Src/main.o
 .debug_macro   0x0000000000000a16      0x2f5 Core/Src/main.o
 .debug_macro   0x0000000000000d0b      0x164 Core/Src/main.o
 .debug_macro   0x0000000000000e6f      0x1a7 Core/Src/main.o
 .debug_macro   0x0000000000001016       0xa7 Core/Src/main.o
 .debug_macro   0x00000000000010bd      0x208 Core/Src/main.o
 .debug_macro   0x00000000000012c5      0x2cb Core/Src/main.o
 .debug_macro   0x0000000000001590      0x4e5 Core/Src/main.o
 .debug_macro   0x0000000000001a75       0x22 Core/Src/main.o
 .debug_macro   0x0000000000001a97      0x14b Core/Src/stm32l4xx_it.o
 .debug_macro   0x0000000000001be2       0xd4 Core/Src/system_stm32l4xx.o
 .debug_macro   0x0000000000001cb6      0x16a Drivers/STM32L4xx_HAL_Driver/Src/stm32l4xx_ll_rtc.o
 .debug_macro   0x0000000000001e20      0x4df Drivers/STM32L4xx_HAL_Driver/Src/stm32l4xx_ll_rtc.o
 .debug_macro   0x00000000000022ff      0x19f Drivers/STM32L4xx_HAL_Driver/Src/stm32l4xx_ll_utils.o
 .debug_macro   0x000000000000249e       0xa1 Drivers/STM32L4xx_HAL_Driver/Src/stm32l4xx_ll_utils.o

.debug_line     0x0000000000000000     0x2510
 .debug_line    0x0000000000000000      0x7fc Core/Src/main.o
 .debug_line    0x00000000000007fc      0x63c Core/Src/stm32l4xx_it.o
 .debug_line    0x0000000000000e38      0x496 Core/Src/system_stm32l4xx.o
 .debug_line    0x00000000000012ce       0x87 Core/Startup/startup_stm32l476rgtx.o
 .debug_line    0x0000000000001355      0x8c9 Drivers/STM32L4xx_HAL_Driver/Src/stm32l4xx_ll_rtc.o
 .debug_line    0x0000000000001c1e      0x8f2 Drivers/STM32L4xx_HAL_Driver/Src/stm32l4xx_ll_utils.o

.debug_str      0x0000000000000000    0xac03e
 .debug_str     0x0000000000000000    0xaa2f5 Core/Src/main.o
                                      0xaa520 (size before relaxing)
 .debug_str     0x00000000000aa2f5       0xbd Core/Src/stm32l4xx_it.o
                                      0xa9f08 (size before relaxing)
 .debug_str     0x00000000000aa3b2       0x7f Core/Src/system_stm32l4xx.o
                                      0x9e61f (size before relaxing)
 .debug_str     0x00000000000aa431       0x36 Core/Startup/startup_stm32l476rgtx.o
                                         0x70 (size before relaxing)
 .debug_str     0x00000000000aa467      0xdaf Drivers/STM32L4xx_HAL_Driver/Src/stm32l4xx_ll_rtc.o
                                      0xa1bca (size before relaxing)
 .debug_str     0x00000000000ab216      0xe28 Drivers/STM32L4xx_HAL_Driver/Src/stm32l4xx_ll_utils.o
                                      0xa52e5 (size before relaxing)

.comment        0x0000000000000000       0x7b
 .comment       0x0000000000000000       0x7b Core/Src/main.o
                                         0x7c (size before relaxing)
 .comment       0x000000000000007b       0x7c Core/Src/stm32l4xx_it.o
 .comment       0x000000000000007b       0x7c Core/Src/system_stm32l4xx.o
 .comment       0x000000000000007b       0x7c Drivers/STM32L4xx_HAL_Driver/Src/stm32l4xx_ll_rtc.o
 .comment       0x000000000000007b       0x7c Drivers/STM32L4xx_HAL_Driver/Src/stm32l4xx_ll_utils.o

.debug_frame    0x0000000000000000     0x10c8
 .debug_frame   0x0000000000000000      0x3cc Core/Src/main.o
 .debug_frame   0x00000000000003cc      0x110 Core/Src/stm32l4xx_it.o
 .debug_frame   0x00000000000004dc       0x58 Core/Src/system_stm32l4xx.o
 .debug_frame   0x0000000000000534      0x66c Drivers/STM32L4xx_HAL_Driver/Src/stm32l4xx_ll_rtc.o
 .debug_frame   0x0000000000000ba0      0x4fc Drivers/STM32L4xx_HAL_Driver/Src/stm32l4xx_ll_utils.o
 .debug_frame   0x000000000000109c       0x2c c:/st/stm32cubeide_1.4.0/stm32cubeide/plugins/com.st.stm32cube.ide.mcu.externaltools.gnu-tools-for-stm32.7-2018-q2-update.win32_1.4.0.202007081208/tools/bin/../lib/gcc/arm-none-eabi/7.3.1/../../../../arm-none-eabi/lib/thumb/v7e-m/fpv4-sp/hard\libc_nano.a(lib_a-init.o)
