Archive member included to satisfy reference by file (symbol)

/Applications/STM32CubeIDE.app/Contents/Eclipse/plugins/com.st.stm32cube.ide.mcu.externaltools.gnu-tools-for-stm32.7-2018-q2-update.macos64_1.4.0.202007081208/tools/bin/../lib/gcc/arm-none-eabi/7.3.1/../../../../arm-none-eabi/lib/thumb/v7e-m/fpv4-sp/hard/libc_nano.a(lib_a-errno.o)
                              Core/Src/syscalls.o (__errno)
/Applications/STM32CubeIDE.app/Contents/Eclipse/plugins/com.st.stm32cube.ide.mcu.externaltools.gnu-tools-for-stm32.7-2018-q2-update.macos64_1.4.0.202007081208/tools/bin/../lib/gcc/arm-none-eabi/7.3.1/../../../../arm-none-eabi/lib/thumb/v7e-m/fpv4-sp/hard/libc_nano.a(lib_a-exit.o)
                              /Applications/STM32CubeIDE.app/Contents/Eclipse/plugins/com.st.stm32cube.ide.mcu.externaltools.gnu-tools-for-stm32.7-2018-q2-update.macos64_1.4.0.202007081208/tools/bin/../lib/gcc/arm-none-eabi/7.3.1/../../../../arm-none-eabi/lib/thumb/v7e-m/fpv4-sp/hard/crt0.o (exit)
/Applications/STM32CubeIDE.app/Contents/Eclipse/plugins/com.st.stm32cube.ide.mcu.externaltools.gnu-tools-for-stm32.7-2018-q2-update.macos64_1.4.0.202007081208/tools/bin/../lib/gcc/arm-none-eabi/7.3.1/../../../../arm-none-eabi/lib/thumb/v7e-m/fpv4-sp/hard/libc_nano.a(lib_a-impure.o)
                              /Applications/STM32CubeIDE.app/Contents/Eclipse/plugins/com.st.stm32cube.ide.mcu.externaltools.gnu-tools-for-stm32.7-2018-q2-update.macos64_1.4.0.202007081208/tools/bin/../lib/gcc/arm-none-eabi/7.3.1/../../../../arm-none-eabi/lib/thumb/v7e-m/fpv4-sp/hard/libc_nano.a(lib_a-exit.o) (_global_impure_ptr)
/Applications/STM32CubeIDE.app/Contents/Eclipse/plugins/com.st.stm32cube.ide.mcu.externaltools.gnu-tools-for-stm32.7-2018-q2-update.macos64_1.4.0.202007081208/tools/bin/../lib/gcc/arm-none-eabi/7.3.1/../../../../arm-none-eabi/lib/thumb/v7e-m/fpv4-sp/hard/libc_nano.a(lib_a-init.o)
                              /Applications/STM32CubeIDE.app/Contents/Eclipse/plugins/com.st.stm32cube.ide.mcu.externaltools.gnu-tools-for-stm32.7-2018-q2-update.macos64_1.4.0.202007081208/tools/bin/../lib/gcc/arm-none-eabi/7.3.1/../../../../arm-none-eabi/lib/thumb/v7e-m/fpv4-sp/hard/crt0.o (__libc_init_array)
/Applications/STM32CubeIDE.app/Contents/Eclipse/plugins/com.st.stm32cube.ide.mcu.externaltools.gnu-tools-for-stm32.7-2018-q2-update.macos64_1.4.0.202007081208/tools/bin/../lib/gcc/arm-none-eabi/7.3.1/../../../../arm-none-eabi/lib/thumb/v7e-m/fpv4-sp/hard/libc_nano.a(lib_a-memset.o)
                              /Applications/STM32CubeIDE.app/Contents/Eclipse/plugins/com.st.stm32cube.ide.mcu.externaltools.gnu-tools-for-stm32.7-2018-q2-update.macos64_1.4.0.202007081208/tools/bin/../lib/gcc/arm-none-eabi/7.3.1/../../../../arm-none-eabi/lib/thumb/v7e-m/fpv4-sp/hard/crt0.o (memset)

Discarded input sections

 .text          0x0000000000000000        0x0 /Applications/STM32CubeIDE.app/Contents/Eclipse/plugins/com.st.stm32cube.ide.mcu.externaltools.gnu-tools-for-stm32.7-2018-q2-update.macos64_1.4.0.202007081208/tools/bin/../lib/gcc/arm-none-eabi/7.3.1/thumb/v7e-m/fpv4-sp/hard/crti.o
 .data          0x0000000000000000        0x0 /Applications/STM32CubeIDE.app/Contents/Eclipse/plugins/com.st.stm32cube.ide.mcu.externaltools.gnu-tools-for-stm32.7-2018-q2-update.macos64_1.4.0.202007081208/tools/bin/../lib/gcc/arm-none-eabi/7.3.1/thumb/v7e-m/fpv4-sp/hard/crti.o
 .bss           0x0000000000000000        0x0 /Applications/STM32CubeIDE.app/Contents/Eclipse/plugins/com.st.stm32cube.ide.mcu.externaltools.gnu-tools-for-stm32.7-2018-q2-update.macos64_1.4.0.202007081208/tools/bin/../lib/gcc/arm-none-eabi/7.3.1/thumb/v7e-m/fpv4-sp/hard/crti.o
 .data          0x0000000000000000        0x4 /Applications/STM32CubeIDE.app/Contents/Eclipse/plugins/com.st.stm32cube.ide.mcu.externaltools.gnu-tools-for-stm32.7-2018-q2-update.macos64_1.4.0.202007081208/tools/bin/../lib/gcc/arm-none-eabi/7.3.1/thumb/v7e-m/fpv4-sp/hard/crtbegin.o
 .text          0x0000000000000000       0x74 /Applications/STM32CubeIDE.app/Contents/Eclipse/plugins/com.st.stm32cube.ide.mcu.externaltools.gnu-tools-for-stm32.7-2018-q2-update.macos64_1.4.0.202007081208/tools/bin/../lib/gcc/arm-none-eabi/7.3.1/../../../../arm-none-eabi/lib/thumb/v7e-m/fpv4-sp/hard/crt0.o
 .data          0x0000000000000000        0x0 /Applications/STM32CubeIDE.app/Contents/Eclipse/plugins/com.st.stm32cube.ide.mcu.externaltools.gnu-tools-for-stm32.7-2018-q2-update.macos64_1.4.0.202007081208/tools/bin/../lib/gcc/arm-none-eabi/7.3.1/../../../../arm-none-eabi/lib/thumb/v7e-m/fpv4-sp/hard/crt0.o
 .bss           0x0000000000000000        0x0 /Applications/STM32CubeIDE.app/Contents/Eclipse/plugins/com.st.stm32cube.ide.mcu.externaltools.gnu-tools-for-stm32.7-2018-q2-update.macos64_1.4.0.202007081208/tools/bin/../lib/gcc/arm-none-eabi/7.3.1/../../../../arm-none-eabi/lib/thumb/v7e-m/fpv4-sp/hard/crt0.o
[...]
Memory Configuration

Name             Origin             Length             Attributes
RAM              0x0000000020000000 0x0000000000018000 xrw
RAM2             0x0000000010000000 0x0000000000008000 xrw
FLASH            0x0000000008000000 0x0000000000100000 xr
*default*        0x0000000000000000 0xffffffffffffffff

Linker script and memory map

LOAD /Applications/STM32CubeIDE.app/Contents/Eclipse/plugins/com.st.stm32cube.ide.mcu.externaltools.gnu-tools-for-stm32.7-2018-q2-update.macos64_1.4.0.202007081208/tools/bin/../lib/gcc/arm-none-eabi/7.3.1/thumb/v7e-m/fpv4-sp/hard/crti.o
LOAD /Applications/STM32CubeIDE.app/Contents/Eclipse/plugins/com.st.stm32cube.ide.mcu.externaltools.gnu-tools-for-stm32.7-2018-q2-update.macos64_1.4.0.202007081208/tools/bin/../lib/gcc/arm-none-eabi/7.3.1/thumb/v7e-m/fpv4-sp/hard/crtbegin.o
LOAD /Applications/STM32CubeIDE.app/Contents/Eclipse/plugins/com.st.stm32cube.ide.mcu.externaltools.gnu-tools-for-stm32.7-2018-q2-update.macos64_1.4.0.202007081208/tools/bin/../lib/gcc/arm-none-eabi/7.3.1/../../../../arm-none-eabi/lib/thumb/v7e-m/fpv4-sp/hard/crt0.o
LOAD Core/Src/gpio.o
LOAD Core/Src/main.o
LOAD Core/Src/stm32l4xx_it.o
LOAD Core/Src/syscalls.o
LOAD Core/Src/sysmem.o
LOAD Core/Src/system_stm32l4xx.o
LOAD Core/Startup/startup_stm32l476rgtx.o
LOAD Drivers/STM32L4xx_HAL_Driver/Src/stm32l4xx_ll_exti.o
LOAD Drivers/STM32L4xx_HAL_Driver/Src/stm32l4xx_ll_gpio.o
LOAD Drivers/STM32L4xx_HAL_Driver/Src/stm32l4xx_ll_pwr.o
LOAD Drivers/STM32L4xx_HAL_Driver/Src/stm32l4xx_ll_rtc.o
LOAD Drivers/STM32L4xx_HAL_Driver/Src/stm32l4xx_ll_utils.o
START GROUP
LOAD /Applications/STM32CubeIDE.app/Contents/Eclipse/plugins/com.st.stm32cube.ide.mcu.externaltools.gnu-tools-for-stm32.7-2018-q2-update.macos64_1.4.0.202007081208/tools/bin/../lib/gcc/arm-none-eabi/7.3.1/../../../../arm-none-eabi/lib/thumb/v7e-m/fpv4-sp/hard/libc_nano.a
LOAD /Applications/STM32CubeIDE.app/Contents/Eclipse/plugins/com.st.stm32cube.ide.mcu.externaltools.gnu-tools-for-stm32.7-2018-q2-update.macos64_1.4.0.202007081208/tools/bin/../lib/gcc/arm-none-eabi/7.3.1/../../../../arm-none-eabi/lib/thumb/v7e-m/fpv4-sp/hard/libm.a
END GROUP
START GROUP
LOAD /Applications/STM32CubeIDE.app/Contents/Eclipse/plugins/com.st.stm32cube.ide.mcu.externaltools.gnu-tools-for-stm32.7-2018-q2-update.macos64_1.4.0.202007081208/tools/bin/../lib/gcc/arm-none-eabi/7.3.1/thumb/v7e-m/fpv4-sp/hard/libgcc.a
LOAD /Applications/STM32CubeIDE.app/Contents/Eclipse/plugins/com.st.stm32cube.ide.mcu.externaltools.gnu-tools-for-stm32.7-2018-q2-update.macos64_1.4.0.202007081208/tools/bin/../lib/gcc/arm-none-eabi/7.3.1/../../../../arm-none-eabi/lib/thumb/v7e-m/fpv4-sp/hard/libc_nano.a
END GROUP
START GROUP
LOAD /Applications/STM32CubeIDE.app/Contents/Eclipse/plugins/com.st.stm32cube.ide.mcu.externaltools.gnu-tools-for-stm32.7-2018-q2-update.macos64_1.4.0.202007081208/tools/bin/../lib/gcc/arm-none-eabi/7.3.1/thumb/v7e-m/fpv4-sp/hard/libgcc.a
LOAD /Applications/STM32CubeIDE.app/Contents/Eclipse/plugins/com.st.stm32cube.ide.mcu.externaltools.gnu-tools-for-stm32.7-2018-q2-update.macos64_1.4.0.202007081208/tools/bin/../lib/gcc/arm-none-eabi/7.3.1/../../../../arm-none-eabi/lib/thumb/v7e-m/fpv4-sp/hard/libc_nano.a
LOAD /Applications/STM32CubeIDE.app/Contents/Eclipse/plugins/com.st.stm32cube.ide.mcu.externaltools.gnu-tools-for-stm32.7-2018-q2-update.macos64_1.4.0.202007081208/tools/bin/../lib/gcc/arm-none-eabi/7.3.1/../../../../arm-none-eabi/lib/thumb/v7e-m/fpv4-sp/hard/libnosys.a
END GROUP
START GROUP
LOAD /Applications/STM32CubeIDE.app/Contents/Eclipse/plugins/com.st.stm32cube.ide.mcu.externaltools.gnu-tools-for-stm32.7-2018-q2-update.macos64_1.4.0.202007081208/tools/bin/../lib/gcc/arm-none-eabi/7.3.1/thumb/v7e-m/fpv4-sp/hard/libgcc.a
LOAD /Applications/STM32CubeIDE.app/Contents/Eclipse/plugins/com.st.stm32cube.ide.mcu.externaltools.gnu-tools-for-stm32.7-2018-q2-update.macos64_1.4.0.202007081208/tools/bin/../lib/gcc/arm-none-eabi/7.3.1/../../../../arm-none-eabi/lib/thumb/v7e-m/fpv4-sp/hard/libc_nano.a
LOAD /Applications/STM32CubeIDE.app/Contents/Eclipse/plugins/com.st.stm32cube.ide.mcu.externaltools.gnu-tools-for-stm32.7-2018-q2-update.macos64_1.4.0.202007081208/tools/bin/../lib/gcc/arm-none-eabi/7.3.1/../../../../arm-none-eabi/lib/thumb/v7e-m/fpv4-sp/hard/libnosys.a
END GROUP
LOAD /Applications/STM32CubeIDE.app/Contents/Eclipse/plugins/com.st.stm32cube.ide.mcu.externaltools.gnu-tools-for-stm32.7-2018-q2-update.macos64_1.4.0.202007081208/tools/bin/../lib/gcc/arm-none-eabi/7.3.1/thumb/v7e-m/fpv4-sp/hard/crtend.o
LOAD /Applications/STM32CubeIDE.app/Contents/Eclipse/plugins/com.st.stm32cube.ide.mcu.externaltools.gnu-tools-for-stm32.7-2018-q2-update.macos64_1.4.0.202007081208/tools/bin/../lib/gcc/arm-none-eabi/7.3.1/thumb/v7e-m/fpv4-sp/hard/crtn.o
                0x0000000020018000                _estack = (ORIGIN (RAM) + LENGTH (RAM))
                0x0000000000000200                _Min_Heap_Size = 0x200
                0x0000000000000400                _Min_Stack_Size = 0x400

.isr_vector     0x0000000008000000      0x188
                0x0000000008000000                . = ALIGN (0x4)
 *(.isr_vector)
 .isr_vector    0x0000000008000000      0x188 Core/Startup/startup_stm32l476rgtx.o
                0x0000000008000000                g_pfnVectors
                0x0000000008000188                . = ALIGN (0x4)

.text           0x0000000008000188      0xaf4
                0x0000000008000188                . = ALIGN (0x4)
 *(.text)
 .text          0x0000000008000188       0x40 /Applications/STM32CubeIDE.app/Contents/Eclipse/plugins/com.st.stm32cube.ide.mcu.externaltools.gnu-tools-for-stm32.7-2018-q2-update.macos64_1.4.0.202007081208/tools/bin/../lib/gcc/arm-none-eabi/7.3.1/thumb/v7e-m/fpv4-sp/hard/crtbegin.o
 *(.text*)
 .text.LL_AHB2_GRP1_EnableClock
                0x00000000080001c8       0x30 Core/Src/gpio.o
 .text.LL_GPIO_SetPinMode
                0x00000000080001f8       0x7a Core/Src/gpio.o
 .text.LL_GPIO_SetPinOutputType
                0x0000000008000272       0x30 Core/Src/gpio.o
 .text.LL_GPIO_IsInputPinSet
                0x00000000080002a2       0x2a Core/Src/gpio.o
 .text.LL_GPIO_SetOutputPin
                0x00000000080002cc       0x1c Core/Src/gpio.o
 .text.LL_GPIO_ResetOutputPin
                0x00000000080002e8       0x1c Core/Src/gpio.o
 .text.GPIO_init
                0x0000000008000304       0x3c Core/Src/gpio.o
                0x0000000008000304                GPIO_init
 .text.LED_GREEN
                0x0000000008000340       0x2c Core/Src/gpio.o
                0x0000000008000340                LED_GREEN
 .text.BLUE_BUTTON
                0x000000000800036c       0x24 Core/Src/gpio.o
                0x000000000800036c                BLUE_BUTTON
 .text.LL_APB1_GRP1_EnableClock
                0x0000000008000390       0x30 Core/Src/main.o
 .text.LL_RCC_LSE_Enable
                0x00000000080003c0       0x24 Core/Src/main.o
 .text.LL_RCC_LSE_IsReady
                0x00000000080003e4       0x28 Core/Src/main.o
 .text.LL_RCC_MSI_Enable
                0x000000000800040c       0x20 Core/Src/main.o
 .text.LL_RCC_MSI_IsReady
                0x000000000800042c       0x24 Core/Src/main.o
 .text.LL_RCC_MSI_EnablePLLMode
                0x0000000008000450       0x20 Core/Src/main.o
 .text.LL_RCC_SetSysClkSource
                0x0000000008000470       0x28 Core/Src/main.o
 .text.LL_RCC_GetSysClkSource
                0x0000000008000498       0x1c Core/Src/main.o
 .text.LL_RCC_SetAHBPrescaler
                0x00000000080004b4       0x28 Core/Src/main.o
 .text.LL_RCC_SetAPB1Prescaler
                0x00000000080004dc       0x28 Core/Src/main.o
 .text.LL_RCC_SetAPB2Prescaler
                0x0000000008000504       0x28 Core/Src/main.o
 .text.LL_RCC_ForceBackupDomainReset
                0x000000000800052c       0x24 Core/Src/main.o
 .text.LL_RCC_ReleaseBackupDomainReset
                0x0000000008000550       0x24 Core/Src/main.o
 .text.LL_RCC_PLL_Enable
                0x0000000008000574       0x20 Core/Src/main.o
 .text.LL_RCC_PLL_Disable
                0x0000000008000594       0x20 Core/Src/main.o
 .text.LL_RCC_PLL_IsReady
                0x00000000080005b4       0x28 Core/Src/main.o
 .text.LL_RCC_PLL_ConfigDomain_SYS
                0x00000000080005dc       0x40 Core/Src/main.o
 .text.LL_RCC_PLL_EnableDomain_SYS
                0x000000000800061c       0x20 Core/Src/main.o
 .text.LL_RCC_PLL_DisableDomain_SYS
                0x000000000800063c       0x20 Core/Src/main.o
 .text.LL_FLASH_SetLatency
                0x000000000800065c       0x28 Core/Src/main.o
 .text.LL_PWR_SetRegulVoltageScaling
                0x0000000008000684       0x28 Core/Src/main.o
 .text.LL_PWR_EnableBkUpAccess
                0x00000000080006ac       0x20 Core/Src/main.o
 .text.LL_RTC_SetAsynchPrescaler
                0x00000000080006cc       0x28 Core/Src/main.o
 .text.LL_RTC_SetSynchPrescaler
                0x00000000080006f4       0x2a Core/Src/main.o
 .text.LL_RTC_EnableWriteProtection
                0x000000000800071e       0x1a Core/Src/main.o
 .text.LL_RTC_DisableWriteProtection
                0x0000000008000738       0x20 Core/Src/main.o
 .text.main     0x0000000008000758       0x64 Core/Src/main.o
                0x0000000008000758                main
 .text.Calibration_MSI_vs_LPE
                0x00000000080007bc       0x18 Core/Src/main.o
                0x00000000080007bc                Calibration_MSI_vs_LPE
 .text.SystemClock_Config
                0x00000000080007d4       0x66 Core/Src/main.o
                0x00000000080007d4                SystemClock_Config
 *fill*         0x000000000800083a        0x2 
 .text.SystemClock_Config_MSI_24Mhz
                0x000000000800083c       0x74 Core/Src/main.o
                0x000000000800083c                SystemClock_Config_MSI_24Mhz
 .text.RTC_Config
                0x00000000080008b0       0x58 Core/Src/main.o
                0x00000000080008b0                RTC_Config
 .text.NMI_Handler
                0x0000000008000908        0xe Core/Src/stm32l4xx_it.o
                0x0000000008000908                NMI_Handler
 .text.HardFault_Handler
                0x0000000008000916        0x6 Core/Src/stm32l4xx_it.o
                0x0000000008000916                HardFault_Handler
 .text.MemManage_Handler
                0x000000000800091c        0x6 Core/Src/stm32l4xx_it.o
                0x000000000800091c                MemManage_Handler
 .text.BusFault_Handler
                0x0000000008000922        0x6 Core/Src/stm32l4xx_it.o
                0x0000000008000922                BusFault_Handler
 .text.UsageFault_Handler
                0x0000000008000928        0x6 Core/Src/stm32l4xx_it.o
                0x0000000008000928                UsageFault_Handler
 .text.DebugMon_Handler
                0x000000000800092e        0xe Core/Src/stm32l4xx_it.o
                0x000000000800092e                DebugMon_Handler
 .text.PendSV_Handler
                0x000000000800093c        0xe Core/Src/stm32l4xx_it.o
                0x000000000800093c                PendSV_Handler
 *fill*         0x000000000800094a        0x2 
 .text.SystemInit
                0x000000000800094c       0x6c Core/Src/system_stm32l4xx.o
                0x000000000800094c                SystemInit
 .text.SystemCoreClockUpdate
                0x00000000080009b8      0x174 Core/Src/system_stm32l4xx.o
                0x00000000080009b8                SystemCoreClockUpdate
 .text.Reset_Handler
                0x0000000008000b2c       0x50 Core/Startup/startup_stm32l476rgtx.o
                0x0000000008000b2c                Reset_Handler
 .text.Default_Handler
                0x0000000008000b7c        0x2 Core/Startup/startup_stm32l476rgtx.o
                0x0000000008000b7c                TIM1_BRK_TIM15_IRQHandler
                0x0000000008000b7c                EXTI2_IRQHandler
                0x0000000008000b7c                TIM8_TRG_COM_IRQHandler
                0x0000000008000b7c                TIM8_CC_IRQHandler
                0x0000000008000b7c                TIM1_CC_IRQHandler
                0x0000000008000b7c                TSC_IRQHandler
                0x0000000008000b7c                SysTick_Handler
                0x0000000008000b7c                TAMP_STAMP_IRQHandler
                0x0000000008000b7c                EXTI3_IRQHandler
                0x0000000008000b7c                LPTIM2_IRQHandler
                0x0000000008000b7c                DFSDM1_FLT1_IRQHandler
                0x0000000008000b7c                I2C3_ER_IRQHandler
                0x0000000008000b7c                DFSDM1_FLT2_IRQHandler
                0x0000000008000b7c                EXTI0_IRQHandler
                0x0000000008000b7c                I2C2_EV_IRQHandler
                0x0000000008000b7c                CAN1_RX0_IRQHandler
                0x0000000008000b7c                FPU_IRQHandler
                0x0000000008000b7c                TIM1_UP_TIM16_IRQHandler
                0x0000000008000b7c                ADC1_2_IRQHandler
                0x0000000008000b7c                SPI1_IRQHandler
                0x0000000008000b7c                TIM6_DAC_IRQHandler
                0x0000000008000b7c                TIM8_UP_IRQHandler
                0x0000000008000b7c                DMA2_Channel2_IRQHandler
                0x0000000008000b7c                DMA1_Channel4_IRQHandler
                0x0000000008000b7c                SAI2_IRQHandler
                0x0000000008000b7c                DFSDM1_FLT3_IRQHandler
                0x0000000008000b7c                USART3_IRQHandler
                0x0000000008000b7c                DMA1_Channel7_IRQHandler
                0x0000000008000b7c                CAN1_RX1_IRQHandler
                0x0000000008000b7c                LCD_IRQHandler
                0x0000000008000b7c                UART5_IRQHandler
                0x0000000008000b7c                ADC3_IRQHandler
                0x0000000008000b7c                TIM4_IRQHandler
                0x0000000008000b7c                DMA2_Channel1_IRQHandler
                0x0000000008000b7c                QUADSPI_IRQHandler
                0x0000000008000b7c                I2C1_EV_IRQHandler
                0x0000000008000b7c                DMA1_Channel6_IRQHandler
                0x0000000008000b7c                UART4_IRQHandler
                0x0000000008000b7c                DMA2_Channel4_IRQHandler
                0x0000000008000b7c                TIM3_IRQHandler
                0x0000000008000b7c                RCC_IRQHandler
                0x0000000008000b7c                DMA1_Channel1_IRQHandler
                0x0000000008000b7c                Default_Handler
                0x0000000008000b7c                DMA2_Channel7_IRQHandler
                0x0000000008000b7c                EXTI15_10_IRQHandler
                0x0000000008000b7c                TIM7_IRQHandler
                0x0000000008000b7c                SDMMC1_IRQHandler
                0x0000000008000b7c                TIM5_IRQHandler
                0x0000000008000b7c                I2C3_EV_IRQHandler
                0x0000000008000b7c                EXTI9_5_IRQHandler
                0x0000000008000b7c                RTC_WKUP_IRQHandler
                0x0000000008000b7c                PVD_PVM_IRQHandler
                0x0000000008000b7c                SPI2_IRQHandler
                0x0000000008000b7c                CAN1_TX_IRQHandler
                0x0000000008000b7c                SVC_Handler
                0x0000000008000b7c                DMA2_Channel5_IRQHandler
                0x0000000008000b7c                DMA1_Channel5_IRQHandler
                0x0000000008000b7c                EXTI4_IRQHandler
                0x0000000008000b7c                RNG_IRQHandler
                0x0000000008000b7c                TIM1_TRG_COM_TIM17_IRQHandler
                0x0000000008000b7c                DMA1_Channel3_IRQHandler
                0x0000000008000b7c                COMP_IRQHandler
                0x0000000008000b7c                WWDG_IRQHandler
                0x0000000008000b7c                LPUART1_IRQHandler
                0x0000000008000b7c                DMA2_Channel6_IRQHandler
                0x0000000008000b7c                TIM2_IRQHandler
                0x0000000008000b7c                EXTI1_IRQHandler
                0x0000000008000b7c                USART2_IRQHandler
                0x0000000008000b7c                DFSDM1_FLT0_IRQHandler
                0x0000000008000b7c                I2C2_ER_IRQHandler
                0x0000000008000b7c                DMA1_Channel2_IRQHandler
                0x0000000008000b7c                TIM8_BRK_IRQHandler
                0x0000000008000b7c                CAN1_SCE_IRQHandler
                0x0000000008000b7c                FLASH_IRQHandler
                0x0000000008000b7c                USART1_IRQHandler
                0x0000000008000b7c                OTG_FS_IRQHandler
                0x0000000008000b7c                SPI3_IRQHandler
                0x0000000008000b7c                I2C1_ER_IRQHandler
                0x0000000008000b7c                FMC_IRQHandler
                0x0000000008000b7c                SWPMI1_IRQHandler
                0x0000000008000b7c                LPTIM1_IRQHandler
                0x0000000008000b7c                SAI1_IRQHandler
                0x0000000008000b7c                DMA2_Channel3_IRQHandler
                0x0000000008000b7c                RTC_Alarm_IRQHandler
 *fill*         0x0000000008000b7e        0x2 
 .text.LL_InitTick
                0x0000000008000b80       0x34 Drivers/STM32L4xx_HAL_Driver/Src/stm32l4xx_ll_utils.o
 .text.LL_Init10msTick
                0x0000000008000bb4       0x1a Drivers/STM32L4xx_HAL_Driver/Src/stm32l4xx_ll_utils.o
                0x0000000008000bb4                LL_Init10msTick
 *fill*         0x0000000008000bce        0x2 
 .text.LL_mDelay
                0x0000000008000bd0       0x4c Drivers/STM32L4xx_HAL_Driver/Src/stm32l4xx_ll_utils.o
                0x0000000008000bd0                LL_mDelay
 .text.__libc_init_array
                0x0000000008000c1c       0x48 /Applications/STM32CubeIDE.app/Contents/Eclipse/plugins/com.st.stm32cube.ide.mcu.externaltools.gnu-tools-for-stm32.7-2018-q2-update.macos64_1.4.0.202007081208/tools/bin/../lib/gcc/arm-none-eabi/7.3.1/../../../../arm-none-eabi/lib/thumb/v7e-m/fpv4-sp/hard/libc_nano.a(lib_a-init.o)
                0x0000000008000c1c                __libc_init_array
 *(.glue_7)
 .glue_7        0x0000000008000c64        0x0 linker stubs
 *(.glue_7t)
 .glue_7t       0x0000000008000c64        0x0 linker stubs
 *(.eh_frame)
 .eh_frame      0x0000000008000c64        0x0 /Applications/STM32CubeIDE.app/Contents/Eclipse/plugins/com.st.stm32cube.ide.mcu.externaltools.gnu-tools-for-stm32.7-2018-q2-update.macos64_1.4.0.202007081208/tools/bin/../lib/gcc/arm-none-eabi/7.3.1/thumb/v7e-m/fpv4-sp/hard/crtbegin.o
 *(.init)
 .init          0x0000000008000c64        0x4 /Applications/STM32CubeIDE.app/Contents/Eclipse/plugins/com.st.stm32cube.ide.mcu.externaltools.gnu-tools-for-stm32.7-2018-q2-update.macos64_1.4.0.202007081208/tools/bin/../lib/gcc/arm-none-eabi/7.3.1/thumb/v7e-m/fpv4-sp/hard/crti.o
                0x0000000008000c64                _init
 .init          0x0000000008000c68        0x8 /Applications/STM32CubeIDE.app/Contents/Eclipse/plugins/com.st.stm32cube.ide.mcu.externaltools.gnu-tools-for-stm32.7-2018-q2-update.macos64_1.4.0.202007081208/tools/bin/../lib/gcc/arm-none-eabi/7.3.1/thumb/v7e-m/fpv4-sp/hard/crtn.o
 *(.fini)
 .fini          0x0000000008000c70        0x4 /Applications/STM32CubeIDE.app/Contents/Eclipse/plugins/com.st.stm32cube.ide.mcu.externaltools.gnu-tools-for-stm32.7-2018-q2-update.macos64_1.4.0.202007081208/tools/bin/../lib/gcc/arm-none-eabi/7.3.1/thumb/v7e-m/fpv4-sp/hard/crti.o
                0x0000000008000c70                _fini
 .fini          0x0000000008000c74        0x8 /Applications/STM32CubeIDE.app/Contents/Eclipse/plugins/com.st.stm32cube.ide.mcu.externaltools.gnu-tools-for-stm32.7-2018-q2-update.macos64_1.4.0.202007081208/tools/bin/../lib/gcc/arm-none-eabi/7.3.1/thumb/v7e-m/fpv4-sp/hard/crtn.o
                0x0000000008000c7c                . = ALIGN (0x4)
                0x0000000008000c7c                _etext = .

.vfp11_veneer   0x0000000008000c7c        0x0
 .vfp11_veneer  0x0000000008000c7c        0x0 linker stubs

.v4_bx          0x0000000008000c7c        0x0
 .v4_bx         0x0000000008000c7c        0x0 linker stubs

.iplt           0x0000000008000c7c        0x0
 .iplt          0x0000000008000c7c        0x0 /Applications/STM32CubeIDE.app/Contents/Eclipse/plugins/com.st.stm32cube.ide.mcu.externaltools.gnu-tools-for-stm32.7-2018-q2-update.macos64_1.4.0.202007081208/tools/bin/../lib/gcc/arm-none-eabi/7.3.1/thumb/v7e-m/fpv4-sp/hard/crtbegin.o

.rodata         0x0000000008000c7c       0x40
                0x0000000008000c7c                . = ALIGN (0x4)
 *(.rodata)
 *(.rodata*)
 .rodata.AHBPrescTable
                0x0000000008000c7c       0x10 Core/Src/system_stm32l4xx.o
                0x0000000008000c7c                AHBPrescTable
 .rodata.MSIRangeTable
                0x0000000008000c8c       0x30 Core/Src/system_stm32l4xx.o
                0x0000000008000c8c                MSIRangeTable
                0x0000000008000cbc                . = ALIGN (0x4)

.rel.dyn        0x0000000008000cbc        0x0
 .rel.iplt      0x0000000008000cbc        0x0 /Applications/STM32CubeIDE.app/Contents/Eclipse/plugins/com.st.stm32cube.ide.mcu.externaltools.gnu-tools-for-stm32.7-2018-q2-update.macos64_1.4.0.202007081208/tools/bin/../lib/gcc/arm-none-eabi/7.3.1/thumb/v7e-m/fpv4-sp/hard/crtbegin.o

.ARM.extab      0x0000000008000cbc        0x0
                0x0000000008000cbc                . = ALIGN (0x4)
 *(.ARM.extab* .gnu.linkonce.armextab.*)
                0x0000000008000cbc                . = ALIGN (0x4)

.ARM            0x0000000008000cbc        0x0
                0x0000000008000cbc                . = ALIGN (0x4)
                0x0000000008000cbc                __exidx_start = .
 *(.ARM.exidx*)
                0x0000000008000cbc                __exidx_end = .
                0x0000000008000cbc                . = ALIGN (0x4)

.preinit_array  0x0000000008000cbc        0x0
                0x0000000008000cbc                . = ALIGN (0x4)
                0x0000000008000cbc                PROVIDE (__preinit_array_start = .)
 *(.preinit_array*)
                0x0000000008000cbc                PROVIDE (__preinit_array_end = .)
                0x0000000008000cbc                . = ALIGN (0x4)

.init_array     0x0000000008000cbc        0x4
                0x0000000008000cbc                . = ALIGN (0x4)
                0x0000000008000cbc                PROVIDE (__init_array_start = .)
 *(SORT_BY_NAME(.init_array.*))
 *(.init_array*)
 .init_array    0x0000000008000cbc        0x4 /Applications/STM32CubeIDE.app/Contents/Eclipse/plugins/com.st.stm32cube.ide.mcu.externaltools.gnu-tools-for-stm32.7-2018-q2-update.macos64_1.4.0.202007081208/tools/bin/../lib/gcc/arm-none-eabi/7.3.1/thumb/v7e-m/fpv4-sp/hard/crtbegin.o
                0x0000000008000cc0                PROVIDE (__init_array_end = .)
                0x0000000008000cc0                . = ALIGN (0x4)

.fini_array     0x0000000008000cc0        0x4
                0x0000000008000cc0                . = ALIGN (0x4)
                [!provide]                        PROVIDE (__fini_array_start = .)
 *(SORT_BY_NAME(.fini_array.*))
 *(.fini_array*)
 .fini_array    0x0000000008000cc0        0x4 /Applications/STM32CubeIDE.app/Contents/Eclipse/plugins/com.st.stm32cube.ide.mcu.externaltools.gnu-tools-for-stm32.7-2018-q2-update.macos64_1.4.0.202007081208/tools/bin/../lib/gcc/arm-none-eabi/7.3.1/thumb/v7e-m/fpv4-sp/hard/crtbegin.o
                [!provide]                        PROVIDE (__fini_array_end = .)
                0x0000000008000cc4                . = ALIGN (0x4)
                0x0000000008000cc4                _sidata = LOADADDR (.data)

.data           0x0000000020000000        0x8 load address 0x0000000008000cc4
                0x0000000020000000                . = ALIGN (0x4)
                0x0000000020000000                _sdata = .
 *(.data)
 *(.data*)
 .data.expe     0x0000000020000000        0x4 Core/Src/main.o
                0x0000000020000000                expe
 .data.SystemCoreClock
                0x0000000020000004        0x4 Core/Src/system_stm32l4xx.o
                0x0000000020000004                SystemCoreClock
                0x0000000020000008                . = ALIGN (0x4)
                0x0000000020000008                _edata = .

.igot.plt       0x0000000020000008        0x0 load address 0x0000000008000ccc
 .igot.plt      0x0000000020000008        0x0 /Applications/STM32CubeIDE.app/Contents/Eclipse/plugins/com.st.stm32cube.ide.mcu.externaltools.gnu-tools-for-stm32.7-2018-q2-update.macos64_1.4.0.202007081208/tools/bin/../lib/gcc/arm-none-eabi/7.3.1/thumb/v7e-m/fpv4-sp/hard/crtbegin.o
                0x0000000020000008                . = ALIGN (0x4)

.bss            0x0000000020000008       0x1c load address 0x0000000008000ccc
                0x0000000020000008                _sbss = .
                0x0000000020000008                __bss_start__ = _sbss
 *(.bss)
 .bss           0x0000000020000008       0x1c /Applications/STM32CubeIDE.app/Contents/Eclipse/plugins/com.st.stm32cube.ide.mcu.externaltools.gnu-tools-for-stm32.7-2018-q2-update.macos64_1.4.0.202007081208/tools/bin/../lib/gcc/arm-none-eabi/7.3.1/thumb/v7e-m/fpv4-sp/hard/crtbegin.o
 *(.bss*)
 *(COMMON)
                0x0000000020000024                . = ALIGN (0x4)
                0x0000000020000024                _ebss = .
                0x0000000020000024                __bss_end__ = _ebss

._user_heap_stack
                0x0000000020000024      0x604 load address 0x0000000008000ccc
                0x0000000020000028                . = ALIGN (0x8)
 *fill*         0x0000000020000024        0x4 
                [!provide]                        PROVIDE (end = .)
                0x0000000020000028                PROVIDE (_end = .)
                0x0000000020000228                . = (. + _Min_Heap_Size)
 *fill*         0x0000000020000028      0x200 
                0x0000000020000628                . = (. + _Min_Stack_Size)
 *fill*         0x0000000020000228      0x400 
                0x0000000020000628                . = ALIGN (0x8)

/DISCARD/
 libc.a(*)
 libm.a(*)
 libgcc.a(*)

.ARM.attributes
                0x0000000000000000       0x30
 *(.ARM.attributes)
 .ARM.attributes
                0x0000000000000000       0x22 /Applications/STM32CubeIDE.app/Contents/Eclipse/plugins/com.st.stm32cube.ide.mcu.externaltools.gnu-tools-for-stm32.7-2018-q2-update.macos64_1.4.0.202007081208/tools/bin/../lib/gcc/arm-none-eabi/7.3.1/thumb/v7e-m/fpv4-sp/hard/crti.o
 .ARM.attributes
                0x0000000000000022       0x34 /Applications/STM32CubeIDE.app/Contents/Eclipse/plugins/com.st.stm32cube.ide.mcu.externaltools.gnu-tools-for-stm32.7-2018-q2-update.macos64_1.4.0.202007081208/tools/bin/../lib/gcc/arm-none-eabi/7.3.1/thumb/v7e-m/fpv4-sp/hard/crtbegin.o
 .ARM.attributes
                0x0000000000000056       0x39 Core/Src/gpio.o
 .ARM.attributes
                0x000000000000008f       0x39 Core/Src/main.o
 .ARM.attributes
                0x00000000000000c8       0x39 Core/Src/stm32l4xx_it.o
 .ARM.attributes
                0x0000000000000101       0x39 Core/Src/system_stm32l4xx.o
 .ARM.attributes
                0x000000000000013a       0x21 Core/Startup/startup_stm32l476rgtx.o
 .ARM.attributes
                0x000000000000015b       0x39 Drivers/STM32L4xx_HAL_Driver/Src/stm32l4xx_ll_utils.o
 .ARM.attributes
                0x0000000000000194       0x34 /Applications/STM32CubeIDE.app/Contents/Eclipse/plugins/com.st.stm32cube.ide.mcu.externaltools.gnu-tools-for-stm32.7-2018-q2-update.macos64_1.4.0.202007081208/tools/bin/../lib/gcc/arm-none-eabi/7.3.1/../../../../arm-none-eabi/lib/thumb/v7e-m/fpv4-sp/hard/libc_nano.a(lib_a-init.o)
 .ARM.attributes
                0x00000000000001c8       0x22 /Applications/STM32CubeIDE.app/Contents/Eclipse/plugins/com.st.stm32cube.ide.mcu.externaltools.gnu-tools-for-stm32.7-2018-q2-update.macos64_1.4.0.202007081208/tools/bin/../lib/gcc/arm-none-eabi/7.3.1/thumb/v7e-m/fpv4-sp/hard/crtn.o
OUTPUT(Opti_uC.elf elf32-littlearm)

.debug_info     0x0000000000000000     0x268c
 .debug_info    0x0000000000000000      0x682 Core/Src/gpio.o
 .debug_info    0x0000000000000682      0xc1a Core/Src/main.o
 .debug_info    0x000000000000129c      0x1d5 Core/Src/stm32l4xx_it.o
 .debug_info    0x0000000000001471      0x5b4 Core/Src/system_stm32l4xx.o
 .debug_info    0x0000000000001a25       0x22 Core/Startup/startup_stm32l476rgtx.o
 .debug_info    0x0000000000001a47      0xc45 Drivers/STM32L4xx_HAL_Driver/Src/stm32l4xx_ll_utils.o

.debug_abbrev   0x0000000000000000      0x7b2
 .debug_abbrev  0x0000000000000000      0x1ee Core/Src/gpio.o
 .debug_abbrev  0x00000000000001ee      0x1a3 Core/Src/main.o
 .debug_abbrev  0x0000000000000391       0xa3 Core/Src/stm32l4xx_it.o
 .debug_abbrev  0x0000000000000434      0x134 Core/Src/system_stm32l4xx.o
 .debug_abbrev  0x0000000000000568       0x12 Core/Startup/startup_stm32l476rgtx.o
 .debug_abbrev  0x000000000000057a      0x238 Drivers/STM32L4xx_HAL_Driver/Src/stm32l4xx_ll_utils.o

.debug_aranges  0x0000000000000000      0x350
 .debug_aranges
                0x0000000000000000       0x60 Core/Src/gpio.o
 .debug_aranges
                0x0000000000000060      0x110 Core/Src/main.o
 .debug_aranges
                0x0000000000000170       0x50 Core/Src/stm32l4xx_it.o
 .debug_aranges
                0x00000000000001c0       0x28 Core/Src/system_stm32l4xx.o
 .debug_aranges
                0x00000000000001e8       0x28 Core/Startup/startup_stm32l476rgtx.o
 .debug_aranges
                0x0000000000000210      0x140 Drivers/STM32L4xx_HAL_Driver/Src/stm32l4xx_ll_utils.o

.debug_ranges   0x0000000000000000      0x2f8
 .debug_ranges  0x0000000000000000       0x50 Core/Src/gpio.o
 .debug_ranges  0x0000000000000050      0x100 Core/Src/main.o
 .debug_ranges  0x0000000000000150       0x40 Core/Src/stm32l4xx_it.o
 .debug_ranges  0x0000000000000190       0x18 Core/Src/system_stm32l4xx.o
 .debug_ranges  0x00000000000001a8       0x20 Core/Startup/startup_stm32l476rgtx.o
 .debug_ranges  0x00000000000001c8      0x130 Drivers/STM32L4xx_HAL_Driver/Src/stm32l4xx_ll_utils.o

.debug_macro    0x0000000000000000    0x1e60e
 .debug_macro   0x0000000000000000      0x102 Core/Src/gpio.o
 .debug_macro   0x0000000000000102      0xaa8 Core/Src/gpio.o
 .debug_macro   0x0000000000000baa       0x2e Core/Src/gpio.o
 .debug_macro   0x0000000000000bd8       0x28 Core/Src/gpio.o
 .debug_macro   0x0000000000000c00       0x22 Core/Src/gpio.o
 .debug_macro   0x0000000000000c22       0x8e Core/Src/gpio.o
 .debug_macro   0x0000000000000cb0       0x51 Core/Src/gpio.o
 .debug_macro   0x0000000000000d01       0xef Core/Src/gpio.o
 .debug_macro   0x0000000000000df0       0x6a Core/Src/gpio.o
 .debug_macro   0x0000000000000e5a      0x1df Core/Src/gpio.o
 .debug_macro   0x0000000000001039       0x1c Core/Src/gpio.o
 .debug_macro   0x0000000000001055       0x22 Core/Src/gpio.o
 .debug_macro   0x0000000000001077      0x101 Core/Src/gpio.o
 .debug_macro   0x0000000000001178     0x1011 Core/Src/gpio.o
 .debug_macro   0x0000000000002189      0x11f Core/Src/gpio.o
 .debug_macro   0x00000000000022a8    0x1a13d Core/Src/gpio.o
 .debug_macro   0x000000000001c3e5       0x43 Core/Src/gpio.o
 .debug_macro   0x000000000001c428      0x1b9 Core/Src/gpio.o
 .debug_macro   0x000000000001c5e1      0x16a Core/Src/gpio.o
 .debug_macro   0x000000000001c74b      0x117 Core/Src/main.o
 .debug_macro   0x000000000001c862      0x716 Core/Src/main.o
 .debug_macro   0x000000000001cf78      0x2f5 Core/Src/main.o
 .debug_macro   0x000000000001d26d       0xa7 Core/Src/main.o
 .debug_macro   0x000000000001d314      0x208 Core/Src/main.o
 .debug_macro   0x000000000001d51c      0x4e5 Core/Src/main.o
 .debug_macro   0x000000000001da01      0x142 Core/Src/stm32l4xx_it.o
 .debug_macro   0x000000000001db43      0x1bf Core/Src/stm32l4xx_it.o
 .debug_macro   0x000000000001dd02      0x164 Core/Src/stm32l4xx_it.o
 .debug_macro   0x000000000001de66      0x1a7 Core/Src/stm32l4xx_it.o
 .debug_macro   0x000000000001e00d      0x2cb Core/Src/stm32l4xx_it.o
 .debug_macro   0x000000000001e2d8       0x22 Core/Src/stm32l4xx_it.o
 .debug_macro   0x000000000001e2fa       0xd4 Core/Src/system_stm32l4xx.o
 .debug_macro   0x000000000001e3ce      0x19f Drivers/STM32L4xx_HAL_Driver/Src/stm32l4xx_ll_utils.o
 .debug_macro   0x000000000001e56d       0xa1 Drivers/STM32L4xx_HAL_Driver/Src/stm32l4xx_ll_utils.o

.debug_line     0x0000000000000000     0x22ab
 .debug_line    0x0000000000000000      0x5bc Core/Src/gpio.o
 .debug_line    0x00000000000005bc      0x83a Core/Src/main.o
 .debug_line    0x0000000000000df6      0x632 Core/Src/stm32l4xx_it.o
 .debug_line    0x0000000000001428      0x4c6 Core/Src/system_stm32l4xx.o
 .debug_line    0x00000000000018ee       0x87 Core/Startup/startup_stm32l476rgtx.o
 .debug_line    0x0000000000001975      0x936 Drivers/STM32L4xx_HAL_Driver/Src/stm32l4xx_ll_utils.o

.debug_str      0x0000000000000000    0xab498
 .debug_str     0x0000000000000000    0x9f872 Core/Src/gpio.o
                                      0x9fa35 (size before relaxing)
 .debug_str     0x000000000009f872     0x7f5d Core/Src/main.o
                                      0xa786a (size before relaxing)
 .debug_str     0x00000000000a77cf     0x2d4a Core/Src/stm32l4xx_it.o
                                      0xa8206 (size before relaxing)
 .debug_str     0x00000000000aa519       0xd3 Core/Src/system_stm32l4xx.o
                                      0x9e617 (size before relaxing)
 .debug_str     0x00000000000aa5ec       0x70 Core/Startup/startup_stm32l476rgtx.o
 .debug_str     0x00000000000aa65c      0xe3c Drivers/STM32L4xx_HAL_Driver/Src/stm32l4xx_ll_utils.o
                                      0xa52ed (size before relaxing)

.comment        0x0000000000000000       0x7b
 .comment       0x0000000000000000       0x7b Core/Src/gpio.o
                                         0x7c (size before relaxing)
 .comment       0x000000000000007b       0x7c Core/Src/main.o
 .comment       0x000000000000007b       0x7c Core/Src/stm32l4xx_it.o
 .comment       0x000000000000007b       0x7c Core/Src/system_stm32l4xx.o
 .comment       0x000000000000007b       0x7c Drivers/STM32L4xx_HAL_Driver/Src/stm32l4xx_ll_utils.o

.debug_frame    0x0000000000000000      0xc14
 .debug_frame   0x0000000000000000      0x15c Core/Src/gpio.o
 .debug_frame   0x000000000000015c      0x444 Core/Src/main.o
 .debug_frame   0x00000000000005a0       0xd0 Core/Src/stm32l4xx_it.o
 .debug_frame   0x0000000000000670       0x58 Core/Src/system_stm32l4xx.o
 .debug_frame   0x00000000000006c8      0x520 Drivers/STM32L4xx_HAL_Driver/Src/stm32l4xx_ll_utils.o
 .debug_frame   0x0000000000000be8       0x2c /Applications/STM32CubeIDE.app/Contents/Eclipse/plugins/com.st.stm32cube.ide.mcu.externaltools.gnu-tools-for-stm32.7-2018-q2-update.macos64_1.4.0.202007081208/tools/bin/../lib/gcc/arm-none-eabi/7.3.1/../../../../arm-none-eabi/lib/thumb/v7e-m/fpv4-sp/hard/libc_nano.a(lib_a-init.o)
