stm32l4xx_ll_rcc.h:2489:22:LL_RCC_MSI_Enable	4	static
stm32l4xx_ll_rcc.h:2509:26:LL_RCC_MSI_IsReady	4	static
stm32l4xx_ll_rcc.h:2742:22:LL_RCC_SetSysClkSource	16	static
stm32l4xx_ll_rcc.h:2756:26:LL_RCC_GetSysClkSource	4	static
stm32l4xx_ll_rcc.h:2776:22:LL_RCC_SetAHBPrescaler	16	static
stm32l4xx_ll_rcc.h:2792:22:LL_RCC_SetAPB1Prescaler	16	static
stm32l4xx_ll_rcc.h:2808:22:LL_RCC_SetAPB2Prescaler	16	static
stm32l4xx_ll_rcc.h:3733:22:LL_RCC_PLL_Enable	4	static
stm32l4xx_ll_rcc.h:3754:26:LL_RCC_PLL_IsReady	4	static
stm32l4xx_ll_rcc.h:3800:22:LL_RCC_PLL_ConfigDomain_SYS	24	static
stm32l4xx_ll_rcc.h:4178:22:LL_RCC_PLL_EnableDomain_SYS	4	static
stm32l4xx_ll_system.h:1400:22:LL_FLASH_SetLatency	16	static
main.c:27:5:main	8	static
main.c:67:6:SystemClock_Config	8	static
