core_cm4.h:1679:22:__NVIC_EnableIRQ	16	static,ignoring_inline_asm
core_cm4.h:1809:22:__NVIC_SetPriority	16	static
stm32l4xx_ll_bus.h:1089:22:LL_APB1_GRP1_EnableClock	24	static
stm32l4xx_ll_bus.h:1675:22:LL_APB2_GRP1_EnableClock	24	static
stm32l4xx_ll_rcc.h:2270:22:LL_RCC_LSE_Enable	4	static
stm32l4xx_ll_rcc.h:2316:22:LL_RCC_LSE_SetDriveCapability	16	static
stm32l4xx_ll_rcc.h:2362:26:LL_RCC_LSE_IsReady	4	static
stm32l4xx_ll_rcc.h:2489:22:LL_RCC_MSI_Enable	4	static
stm32l4xx_ll_rcc.h:2509:26:LL_RCC_MSI_IsReady	4	static
stm32l4xx_ll_rcc.h:2523:22:LL_RCC_MSI_EnablePLLMode	4	static
stm32l4xx_ll_rcc.h:2548:22:LL_RCC_MSI_EnableRangeSelection	4	static
stm32l4xx_ll_rcc.h:2558:26:LL_RCC_MSI_IsEnabledRangeSelect	4	static
stm32l4xx_ll_rcc.h:2581:22:LL_RCC_MSI_SetRange	16	static
stm32l4xx_ll_rcc.h:2742:22:LL_RCC_SetSysClkSource	16	static
stm32l4xx_ll_rcc.h:2756:26:LL_RCC_GetSysClkSource	4	static
stm32l4xx_ll_rcc.h:2776:22:LL_RCC_SetAHBPrescaler	16	static
stm32l4xx_ll_rcc.h:2792:22:LL_RCC_SetAPB1Prescaler	16	static
stm32l4xx_ll_rcc.h:2808:22:LL_RCC_SetAPB2Prescaler	16	static
stm32l4xx_ll_rcc.h:3650:22:LL_RCC_SetRTCClockSource	16	static
stm32l4xx_ll_rcc.h:3674:22:LL_RCC_EnableRTC	4	static
stm32l4xx_ll_rcc.h:3704:22:LL_RCC_ForceBackupDomainReset	4	static
stm32l4xx_ll_rcc.h:3714:22:LL_RCC_ReleaseBackupDomainReset	4	static
stm32l4xx_ll_rcc.h:3733:22:LL_RCC_PLL_Enable	4	static
stm32l4xx_ll_rcc.h:3744:22:LL_RCC_PLL_Disable	4	static
stm32l4xx_ll_rcc.h:3754:26:LL_RCC_PLL_IsReady	4	static
stm32l4xx_ll_rcc.h:3800:22:LL_RCC_PLL_ConfigDomain_SYS	24	static
stm32l4xx_ll_rcc.h:4178:22:LL_RCC_PLL_EnableDomain_SYS	4	static
stm32l4xx_ll_rcc.h:4192:22:LL_RCC_PLL_DisableDomain_SYS	4	static
stm32l4xx_ll_system.h:1400:22:LL_FLASH_SetLatency	16	static
stm32l4xx_ll_pwr.h:344:22:LL_PWR_SetRegulVoltageScaling	16	static
stm32l4xx_ll_pwr.h:398:22:LL_PWR_EnableBkUpAccess	4	static
stm32l4xx_ll_pwr.h:434:22:LL_PWR_SetPowerMode	16	static
stm32l4xx_ll_pwr.h:714:22:LL_PWR_EnableInternWU	4	static
stm32l4xx_ll_rtc.h:1131:22:LL_RTC_DisableInitMode	16	static
stm32l4xx_ll_rtc.h:1311:22:LL_RTC_SetAsynchPrescaler	16	static
stm32l4xx_ll_rtc.h:1323:22:LL_RTC_SetSynchPrescaler	16	static
stm32l4xx_ll_rtc.h:1356:22:LL_RTC_EnableWriteProtection	16	static
stm32l4xx_ll_rtc.h:1367:22:LL_RTC_DisableWriteProtection	16	static
stm32l4xx_ll_rtc.h:3148:22:LL_RTC_WAKEUP_Enable	16	static
stm32l4xx_ll_rtc.h:3160:22:LL_RTC_WAKEUP_Disable	16	static
stm32l4xx_ll_rtc.h:3191:22:LL_RTC_WAKEUP_SetClock	16	static
stm32l4xx_ll_rtc.h:3221:22:LL_RTC_WAKEUP_SetAutoReload	16	static
stm32l4xx_ll_rtc.h:4840:22:LL_RTC_BAK_SetRegister	32	static
stm32l4xx_ll_rtc.h:4890:26:LL_RTC_BAK_GetRegister	24	static
stm32l4xx_ll_rtc.h:5107:22:LL_RTC_ClearFlag_WUT	16	static
stm32l4xx_ll_rtc.h:5141:26:LL_RTC_IsActiveFlag_INIT	16	static
stm32l4xx_ll_rtc.h:5152:26:LL_RTC_IsActiveFlag_RS	16	static
stm32l4xx_ll_rtc.h:5163:22:LL_RTC_ClearFlag_RS	16	static
stm32l4xx_ll_rtc.h:5197:26:LL_RTC_IsActiveFlag_WUTW	16	static
stm32l4xx_ll_rtc.h:5265:22:LL_RTC_EnableIT_WUT	16	static
stm32l4xx_ll_cortex.h:310:22:LL_LPM_EnableSleep	4	static
stm32l4xx_ll_cortex.h:321:22:LL_LPM_EnableDeepSleep	4	static
stm32l4xx_ll_exti.h:306:22:LL_EXTI_EnableIT_0_31	16	static
stm32l4xx_ll_exti.h:739:22:LL_EXTI_EnableRisingTrig_0_31	16	static
stm32l4xx_ll_exti.h:1299:22:LL_EXTI_ClearFlag_0_31	16	static
main.c:43:5:main	8	static,ignoring_inline_asm
main.c:169:7:Calibration_MSI_vs_LPE	8	static
main.c:196:6:SystemClock_Config	8	static
main.c:241:6:SystemClock_Config_MSI_24Mhz	8	static
main.c:305:6:RTC_Config	8	static
main.c:369:6:SysTick_Handler	8	static
main.c:406:13:RTC_wakeup_init	16	static
main.c:427:6:RTC_wakeup_init_from_standby_or_shutdown	16	static
main.c:440:6:RTC_wakeup_init_from_stop	16	static
main.c:454:6:RTC_WKUP_IRQHandler	8	static
main.c:472:6:Init_Low_Power_Mode	16	static
main.c:486:6:Set_Low_Power_Mode	16	static
