stm32l4xx_ll_bus.h:1089:22:LL_APB1_GRP1_EnableClock	24	static
stm32l4xx_ll_rcc.h:2270:22:LL_RCC_LSE_Enable	4	static
stm32l4xx_ll_rcc.h:2362:26:LL_RCC_LSE_IsReady	4	static
stm32l4xx_ll_rcc.h:2489:22:LL_RCC_MSI_Enable	4	static
stm32l4xx_ll_rcc.h:2509:26:LL_RCC_MSI_IsReady	4	static
stm32l4xx_ll_rcc.h:2523:22:LL_RCC_MSI_EnablePLLMode	4	static
stm32l4xx_ll_rcc.h:2742:22:LL_RCC_SetSysClkSource	16	static
stm32l4xx_ll_rcc.h:2756:26:LL_RCC_GetSysClkSource	4	static
stm32l4xx_ll_rcc.h:2776:22:LL_RCC_SetAHBPrescaler	16	static
stm32l4xx_ll_rcc.h:2792:22:LL_RCC_SetAPB1Prescaler	16	static
stm32l4xx_ll_rcc.h:2808:22:LL_RCC_SetAPB2Prescaler	16	static
stm32l4xx_ll_rcc.h:3704:22:LL_RCC_ForceBackupDomainReset	4	static
stm32l4xx_ll_rcc.h:3714:22:LL_RCC_ReleaseBackupDomainReset	4	static
stm32l4xx_ll_rcc.h:3733:22:LL_RCC_PLL_Enable	4	static
stm32l4xx_ll_rcc.h:3744:22:LL_RCC_PLL_Disable	4	static
stm32l4xx_ll_rcc.h:3754:26:LL_RCC_PLL_IsReady	4	static
stm32l4xx_ll_rcc.h:3800:22:LL_RCC_PLL_ConfigDomain_SYS	24	static
stm32l4xx_ll_rcc.h:4178:22:LL_RCC_PLL_EnableDomain_SYS	4	static
stm32l4xx_ll_rcc.h:4192:22:LL_RCC_PLL_DisableDomain_SYS	4	static
stm32l4xx_ll_system.h:1400:22:LL_FLASH_SetLatency	16	static
stm32l4xx_ll_pwr.h:344:22:LL_PWR_SetRegulVoltageScaling	16	static
stm32l4xx_ll_pwr.h:398:22:LL_PWR_EnableBkUpAccess	4	static
stm32l4xx_ll_rtc.h:1310:22:LL_RTC_SetAsynchPrescaler	16	static
stm32l4xx_ll_rtc.h:1322:22:LL_RTC_SetSynchPrescaler	16	static
stm32l4xx_ll_rtc.h:1355:22:LL_RTC_EnableWriteProtection	16	static
stm32l4xx_ll_rtc.h:1366:22:LL_RTC_DisableWriteProtection	16	static
main.c:37:5:main	8	static
main.c:92:7:Calibration_MSI_vs_LPE	8	static
main.c:119:6:SystemClock_Config	8	static
main.c:164:6:SystemClock_Config_MSI_24Mhz	8	static
main.c:221:6:RTC_Config	16	static
