core_cm4.h:1648:22:__NVIC_SetPriorityGrouping	24	static
stm32l4xx_ll_rcc.h:2424:22:LL_RCC_LSI_Enable	4	static
stm32l4xx_ll_rcc.h:2444:26:LL_RCC_LSI_IsReady	4	static
stm32l4xx_ll_rcc.h:2489:22:LL_RCC_MSI_Enable	4	static
stm32l4xx_ll_rcc.h:2509:26:LL_RCC_MSI_IsReady	4	static
stm32l4xx_ll_rcc.h:2548:22:LL_RCC_MSI_EnableRangeSelection	4	static
stm32l4xx_ll_rcc.h:2581:22:LL_RCC_MSI_SetRange	16	static
stm32l4xx_ll_rcc.h:2656:22:LL_RCC_MSI_SetCalibTrimming	16	static
stm32l4xx_ll_rcc.h:2742:22:LL_RCC_SetSysClkSource	16	static
stm32l4xx_ll_rcc.h:2756:26:LL_RCC_GetSysClkSource	4	static
stm32l4xx_ll_rcc.h:2776:22:LL_RCC_SetAHBPrescaler	16	static
stm32l4xx_ll_rcc.h:2792:22:LL_RCC_SetAPB1Prescaler	16	static
stm32l4xx_ll_rcc.h:2808:22:LL_RCC_SetAPB2Prescaler	16	static
stm32l4xx_ll_rcc.h:3650:22:LL_RCC_SetRTCClockSource	16	static
stm32l4xx_ll_rcc.h:3674:22:LL_RCC_EnableRTC	4	static
stm32l4xx_ll_rcc.h:3704:22:LL_RCC_ForceBackupDomainReset	4	static
stm32l4xx_ll_rcc.h:3714:22:LL_RCC_ReleaseBackupDomainReset	4	static
stm32l4xx_ll_bus.h:1089:22:LL_APB1_GRP1_EnableClock	24	static
stm32l4xx_ll_bus.h:1675:22:LL_APB2_GRP1_EnableClock	24	static
stm32l4xx_ll_system.h:1400:22:LL_FLASH_SetLatency	16	static
stm32l4xx_ll_system.h:1428:26:LL_FLASH_GetLatency	4	static
stm32l4xx_ll_pwr.h:344:22:LL_PWR_SetRegulVoltageScaling	16	static
stm32l4xx_ll_pwr.h:398:22:LL_PWR_EnableBkUpAccess	4	static
main.c:64:5:main	8	static
main.c:115:6:SystemClock_Config	8	static
main.c:165:13:MX_RTC_Init	24	static
main.c:200:6:Error_Handler	4	static
